[v3.6 watchdog] monitoring data/v3.6_run/results.jsonl, target=314
[23:48:07] 0/314
[23:49:07] 0/314
[23:50:07] 0/314
[23:51:07] 1/314
[23:52:07] 1/314
[23:53:07] 2/314
[23:54:07] 2/314
[23:55:07] 2/314
[23:56:07] 3/314
[23:57:07] 3/314
[23:58:07] 4/314
[23:59:07] 4/314
[00:00:07] 5/314
[00:01:07] 5/314
[00:02:07] 5/314
[00:03:07] 5/314
[00:04:07] 5/314
[00:05:07] 5/314
[00:06:07] 5/314
[00:07:07] 5/314
[00:08:07] 6/314
[00:09:07] 7/314
[00:10:07] 7/314
[00:11:07] 7/314
[00:12:07] 8/314
[00:13:07] 8/314
[00:14:07] 8/314
[00:15:07] 9/314
[00:16:07] 9/314
[00:17:07] 9/314
[00:18:07] 9/314
[00:19:07] 10/314
[00:20:07] 10/314
[00:21:07] 10/314
[00:22:07] 11/314
[00:23:07] 11/314
[00:24:07] 12/314
[00:25:07] 12/314
[00:26:07] 13/314
[00:27:07] 13/314
[00:28:07] 13/314
[00:29:07] 14/314
[00:30:07] 14/314
[00:31:08] 15/314
[00:32:08] 15/314
[00:33:08] 15/314
[00:34:08] 16/314
[00:35:08] 16/314
[00:36:08] 16/314
[00:37:08] 17/314
[00:38:08] 17/314
[00:39:08] 17/314
[00:40:08] 18/314
[00:41:08] 18/314
[00:42:08] 18/314
[00:43:08] 19/314
[00:44:08] 19/314
[00:45:08] 19/314
[00:46:08] 20/314
[00:47:08] 20/314
[00:48:08] 21/314
[00:49:08] 21/314
[00:50:08] 21/314
[00:51:08] 21/314
[00:52:08] 22/314
[00:53:08] 22/314
[00:54:08] 22/314
[00:55:08] 22/314
[00:56:08] 22/314
[00:57:08] 22/314
[00:58:08] 23/314
[00:59:08] 23/314
[01:00:08] 23/314
[01:01:08] 24/314
[01:02:08] 24/314
[01:03:08] 25/314
[01:04:08] 25/314
[01:05:08] 26/314
[01:06:08] 26/314
[01:07:08] 26/314
[01:08:08] 27/314
[01:09:08] 27/314
[01:10:08] 27/314
[01:11:08] 27/314
[01:12:08] 28/314
[01:13:08] 28/314
[01:14:08] 29/314
[01:15:08] 29/314
[01:16:08] 30/314
[01:17:08] 30/314
[01:18:08] 30/314
[01:19:08] 31/314
[01:20:09] 32/314
[01:21:09] 32/314
[01:22:09] 32/314
[01:23:09] 33/314
[01:24:09] 33/314
[01:25:09] 34/314
[01:26:09] 34/314
[01:27:09] 34/314
[01:28:09] 34/314
[01:29:09] 35/314
[01:30:09] 36/314
[01:31:09] 36/314
[01:32:09] 36/314
[01:33:09] 36/314
[01:34:09] 37/314
[01:35:09] 37/314
[01:36:09] 38/314
[01:37:09] 38/314
[01:38:09] 38/314
[01:39:09] 38/314
[01:40:09] 38/314
[01:41:09] 39/314
[01:42:09] 39/314
[01:43:09] 40/314
[01:44:09] 40/314
[01:45:09] 41/314
[01:46:09] 41/314
[01:47:09] 41/314
[01:48:09] 42/314
[01:49:09] 42/314
[01:50:09] 42/314
[01:51:09] 43/314
[01:52:09] 43/314
[01:53:09] 43/314
[01:54:09] 44/314
[01:55:09] 44/314
[01:56:09] 45/314
[01:57:09] 45/314
[01:58:09] 45/314
[01:59:09] 45/314
[02:00:09] 45/314
[02:01:09] 45/314
[02:02:09] 47/314
[02:03:09] 47/314
[02:04:09] 48/314
[02:05:09] 48/314
[02:06:09] 49/314
[02:07:09] 49/314
[02:08:10] 49/314
[02:09:10] 49/314
[02:10:10] 50/314
[02:11:10] 50/314
[02:12:10] 51/314
[02:13:10] 51/314
[02:14:10] 51/314
[02:15:10] 52/314
[02:16:10] 52/314
[02:17:10] 52/314
[02:18:10] 53/314
[02:19:10] 53/314
[02:20:10] 53/314
[02:21:10] 53/314
[02:22:10] 53/314
[02:23:10] 54/314
[02:24:10] 54/314
[02:25:10] 55/314
[02:26:10] 55/314
[02:27:10] 56/314
[02:28:10] 56/314
[02:29:10] 57/314
[02:30:10] 57/314
[02:31:10] 58/314
[02:32:10] 58/314
[02:33:10] 58/314
[02:34:10] 59/314
[02:35:10] 59/314
[02:36:10] 60/314
[02:37:10] 61/314
[02:38:10] 61/314
[02:39:10] 61/314
[02:40:10] 62/314
[02:41:10] 62/314
[02:42:10] 63/314
[02:43:10] 63/314
[02:44:10] 64/314
[02:45:10] 65/314
[02:46:10] 65/314
[02:47:10] 65/314
[02:48:10] 66/314
[02:49:10] 66/314
[02:50:10] 66/314
[02:51:10] 67/314
[02:52:10] 67/314
[02:53:10] 67/314
[02:54:10] 67/314
[02:55:10] 67/314
[02:56:10] 68/314
[02:57:11] 68/314
[02:58:11] 68/314
[02:59:11] 69/314
[03:00:11] 69/314
[03:01:11] 69/314
[03:02:11] 69/314
[03:03:11] 69/314
[03:04:11] 69/314
[03:05:11] 69/314
[03:06:11] 70/314
[03:07:11] 70/314
[03:08:11] 70/314
[03:09:11] 71/314
[03:10:11] 71/314
[03:11:11] 71/314
[03:12:11] 72/314
[03:13:11] 72/314
[03:14:11] 72/314
[03:15:11] 73/314
[03:16:11] 73/314
[03:17:11] 74/314
[03:18:11] 74/314
[03:19:11] 74/314
[03:20:11] 74/314
[03:21:11] 75/314
[03:22:11] 75/314
[03:23:11] 76/314
[03:24:11] 76/314
[03:25:11] 77/314
[03:26:11] 78/314
[03:27:11] 78/314
[03:28:11] 79/314
[03:29:11] 79/314
[03:30:11] 79/314
[03:31:11] 80/314
[03:32:11] 80/314
[03:33:11] 80/314
[03:34:11] 81/314
[03:35:11] 81/314
[03:36:11] 81/314
[03:37:11] 82/314
[03:38:11] 82/314
[03:39:11] 82/314
[03:40:11] 83/314
[03:41:11] 83/314
[03:42:11] 83/314
[03:43:11] 84/314
[03:44:11] 84/314
[03:45:12] 85/314
[03:46:12] 85/314
[03:47:12] 85/314
[03:48:12] 86/314
[03:49:12] 86/314
[03:50:12] 87/314
[03:51:12] 87/314
[03:52:12] 88/314
[03:53:12] 88/314
[03:54:12] 88/314
[03:55:12] 89/314
[03:56:12] 89/314
[03:57:12] 89/314
[03:58:12] 90/314
[03:59:12] 90/314
[04:00:12] 90/314
[04:01:12] 91/314
[04:02:12] 91/314
[04:03:12] 92/314
[04:04:12] 92/314
[04:05:12] 92/314
[04:06:12] 93/314
[04:07:12] 93/314
[04:08:12] 94/314
[04:09:12] 94/314
[04:10:12] 94/314
[04:11:12] 95/314
[04:12:12] 95/314
[04:13:12] 96/314
[04:14:12] 96/314
[04:15:12] 96/314
[04:16:12] 96/314
[04:17:12] 97/314
[04:18:12] 97/314
[04:19:12] 98/314
[04:20:12] 98/314
[04:21:12] 99/314
[04:22:12] 99/314
[04:23:12] 99/314
[04:24:12] 100/314
[04:25:12] 100/314
[04:26:12] 101/314
[04:27:12] 101/314
[04:28:12] 101/314
[04:29:12] 102/314
[04:30:12] 102/314
[04:31:12] 103/314
[04:32:13] 103/314
[04:33:13] 104/314
[04:34:13] 105/314
[04:35:13] 105/314
[04:36:13] 105/314
[04:37:13] 105/314
[04:38:13] 106/314
[04:39:13] 106/314
[04:40:13] 106/314
[04:41:13] 107/314
[04:42:13] 107/314
[04:43:13] 107/314
[04:44:13] 108/314
[04:45:13] 108/314
[04:46:13] 108/314
[04:47:13] 109/314
[04:48:13] 109/314
[04:49:13] 109/314
[04:50:13] 110/314
[04:51:13] 110/314
[04:52:13] 111/314
[04:53:13] 111/314
[04:54:13] 112/314
[04:55:13] 112/314
[04:56:13] 113/314
[04:57:13] 113/314
[04:58:13] 113/314
[04:59:13] 113/314
[05:00:13] 113/314
[05:01:13] 114/314
[05:02:13] 114/314
[05:03:13] 114/314
[05:04:13] 115/314
[05:05:13] 116/314
[05:06:13] 116/314
[05:07:13] 117/314
[05:08:13] 117/314
[05:09:13] 117/314
[05:10:13] 118/314
[05:11:13] 119/314
[05:12:13] 119/314
[05:13:13] 120/314
[05:14:13] 120/314
[05:15:13] 120/314
[05:16:13] 121/314
[05:17:13] 121/314
[05:18:13] 122/314
[05:19:14] 122/314
[05:20:14] 123/314
[05:21:14] 123/314
[05:22:14] 124/314
[05:23:14] 124/314
[05:24:14] 124/314
[05:25:14] 124/314
[05:26:14] 124/314
[05:27:14] 125/314
[05:28:14] 125/314
[05:29:14] 125/314
[05:30:14] 126/314
[05:31:14] 126/314
[05:32:14] 126/314
[05:33:14] 127/314
[05:34:14] 127/314
[05:35:14] 128/314
[05:36:14] 128/314
[05:37:14] 129/314
[05:38:14] 129/314
[05:39:14] 130/314
[05:40:14] 130/314
[05:41:14] 130/314
[05:42:14] 131/314
[05:43:14] 131/314
[05:44:14] 132/314
[05:45:14] 132/314
[05:46:14] 133/314
[05:47:14] 134/314
[05:48:14] 134/314
[05:49:14] 135/314
[05:50:14] 135/314
[05:51:14] 135/314
[05:52:14] 136/314
[05:53:14] 136/314
[05:54:14] 136/314
[05:55:14] 137/314
[05:56:14] 137/314
[05:57:14] 137/314
[05:58:14] 138/314
[05:59:14] 139/314
[06:00:14] 139/314
[06:01:14] 139/314
[06:02:14] 140/314
[06:03:14] 140/314
[06:04:14] 140/314
[06:05:15] 141/314
[06:06:15] 141/314
[06:07:15] 142/314
[06:08:15] 142/314
[06:09:15] 142/314
[06:10:15] 142/314
[06:11:15] 143/314
[06:12:15] 144/314
[06:13:15] 144/314
[06:14:15] 145/314
[06:15:15] 145/314
[06:16:15] 146/314
[06:17:15] 146/314
[06:18:15] 146/314
[06:19:15] 146/314
[06:20:15] 146/314
[06:21:15] 146/314
[06:22:15] 146/314
[06:23:15] 147/314
[06:24:15] 147/314
[06:25:15] 148/314
[06:26:15] 148/314
[06:27:15] 148/314
[06:28:15] 149/314
[06:29:15] 149/314
[06:30:15] 150/314
[06:31:15] 150/314
[06:32:15] 151/314
[06:33:15] 151/314
[06:34:15] 151/314
[06:35:15] 151/314
[06:36:15] 152/314
[06:37:15] 152/314
[06:38:15] 153/314
[06:39:15] 153/314
[06:40:15] 154/314
[06:41:15] 155/314
[06:42:15] 155/314
[06:43:15] 155/314
[06:44:15] 155/314
[06:45:15] 155/314
[06:46:15] 156/314
[06:47:15] 156/314
[06:48:15] 157/314
[06:49:15] 157/314
[06:50:16] 157/314
[06:51:16] 158/314
[06:52:16] 158/314
[06:53:16] 158/314
[06:54:16] 158/314
[06:55:16] 158/314
[06:56:16] 159/314
[06:57:16] 159/314
[06:58:16] 160/314
[06:59:16] 160/314
[07:00:16] 160/314
[07:01:16] 160/314
[07:02:16] 161/314
[07:03:16] 161/314
[07:04:16] 161/314
[07:05:16] 162/314
[07:06:16] 162/314
[07:07:16] 162/314
[07:08:16] 163/314
[07:09:16] 163/314
[07:10:16] 163/314
[07:11:16] 163/314
[07:12:16] 164/314
[07:13:16] 164/314
[07:14:16] 164/314
[07:15:16] 165/314
[07:16:16] 165/314
[07:17:16] 165/314
[07:18:16] 165/314
[07:19:16] 165/314
[07:20:16] 165/314
[07:21:16] 165/314
[07:22:16] 166/314
[07:23:16] 166/314
[07:24:16] 166/314
[07:25:16] 166/314
[07:26:16] 166/314
[07:27:16] 167/314
[07:28:16] 167/314
[07:29:16] 168/314
[07:30:16] 168/314
[07:31:16] 168/314
[07:32:16] 168/314
[07:33:16] 169/314
[07:34:16] 169/314
[07:35:17] 169/314
[07:36:17] 170/314
[07:37:17] 170/314
[07:38:17] 170/314
[07:39:17] 171/314
[07:40:17] 171/314
[07:41:17] 172/314
[07:42:17] 172/314
[07:43:17] 172/314
[07:44:17] 173/314
[07:45:17] 174/314
[07:46:17] 174/314
[07:47:17] 174/314
[07:48:17] 175/314
[07:49:17] 175/314
[07:50:17] 176/314
[07:51:17] 176/314
[07:52:17] 176/314
[07:53:17] 177/314
[07:54:17] 177/314
[07:55:17] 178/314
[07:56:17] 178/314
[07:57:17] 178/314
[07:58:17] 179/314
[07:59:17] 179/314
[08:00:17] 180/314
[08:01:17] 180/314
[08:02:17] 180/314
[08:03:17] 180/314
[08:04:17] 181/314
[08:05:17] 181/314
[08:06:17] 182/314
[08:07:17] 182/314
[08:08:17] 183/314
[08:09:17] 183/314
[08:10:17] 183/314
[08:11:17] 183/314
[08:12:17] 184/314
[08:13:17] 184/314
[08:14:17] 184/314
[08:15:17] 184/314
[08:16:17] 184/314
[08:17:17] 184/314
[08:18:17] 185/314
[08:19:17] 185/314
[08:20:18] 186/314
[08:21:18] 186/314
[08:22:18] 186/314
[08:23:18] 187/314
[08:24:18] 187/314
[08:25:18] 188/314
[08:26:18] 188/314
[08:27:18] 188/314
[08:28:18] 189/314
[08:29:18] 189/314
[08:30:18] 190/314
[08:31:18] 190/314
[08:32:18] 191/314
[08:33:18] 191/314
[08:34:18] 192/314
[08:35:18] 192/314
[08:36:18] 192/314
[08:37:18] 192/314
[08:38:18] 192/314
[08:39:18] 192/314
[08:40:18] 192/314
[08:41:18] 193/314
[08:42:18] 193/314
[08:43:18] 193/314
[08:44:18] 193/314
[08:45:18] 193/314
[08:46:18] 194/314
[08:47:18] 194/314
[08:48:18] 194/314
[08:49:18] 195/314
[08:50:18] 195/314
[08:51:18] 196/314
[08:52:18] 196/314
[08:53:18] 196/314
[08:54:18] 197/314
[08:55:18] 197/314
[08:56:18] 198/314
[08:57:18] 198/314
[08:58:18] 198/314
[08:59:18] 199/314
[09:00:18] 199/314
[09:01:18] 199/314
[09:02:18] 199/314
[09:03:18] 200/314
[09:04:19] 200/314
[09:05:19] 201/314
[09:06:19] 201/314
[09:07:19] 201/314
[09:08:19] 201/314
[09:09:19] 202/314
[09:10:19] 202/314
[09:11:19] 202/314
[09:12:19] 202/314
[09:13:19] 203/314
[09:14:19] 203/314
[09:15:19] 204/314
[09:16:19] 204/314
[09:17:19] 204/314
[09:18:19] 205/314
[09:19:19] 205/314
[09:20:19] 206/314
[09:21:19] 206/314
[09:22:19] 207/314
[09:23:19] 207/314
[09:24:19] 208/314
[09:25:19] 208/314
[09:26:19] 208/314
[09:27:19] 209/314
[09:28:19] 209/314
[09:29:19] 209/314
[09:30:19] 210/314
[09:31:19] 210/314
[09:32:19] 210/314
[09:33:19] 211/314
[09:34:19] 212/314
[09:35:19] 212/314
[09:36:19] 213/314
[09:37:19] 213/314
[09:38:19] 213/314
[09:39:19] 214/314
[09:40:19] 214/314
[09:41:19] 214/314
[09:42:19] 215/314
[09:43:19] 215/314
[09:44:19] 215/314
[09:45:19] 216/314
[09:46:19] 216/314
[09:47:20] 217/314
[09:48:20] 217/314
[09:49:20] 217/314
[09:50:20] 218/314
[09:51:20] 218/314
[09:52:20] 219/314
[09:53:20] 219/314
[09:54:20] 219/314
[09:55:20] 220/314
[09:56:20] 221/314
[09:57:20] 221/314
[09:58:20] 222/314
[09:59:20] 222/314
[10:00:20] 223/314
[10:01:20] 223/314
[10:02:20] 224/314
[10:03:20] 224/314
[10:04:20] 224/314
[10:05:20] 224/314
[10:06:20] 225/314
[10:07:20] 225/314
[10:08:20] 225/314
[10:09:20] 226/314
[10:10:20] 226/314
[10:11:20] 226/314
[10:12:20] 227/314
[10:13:20] 227/314
[10:14:20] 228/314
[10:15:20] 228/314
[10:16:20] 228/314
[10:17:20] 228/314
[10:18:20] 228/314
[10:19:20] 229/314
[10:20:20] 230/314
[10:21:20] 230/314
[10:22:20] 230/314
[10:23:20] 231/314
[10:24:20] 231/314
[10:25:20] 232/314
[10:26:20] 232/314
[10:27:20] 232/314
[10:28:20] 232/314
[10:29:20] 233/314
[10:30:20] 233/314
[10:31:21] 233/314
[10:32:21] 233/314
[10:33:21] 233/314
[10:34:21] 234/314
[10:35:21] 234/314
[10:36:21] 235/314
[10:37:21] 235/314
[10:38:21] 235/314
[10:39:21] 236/314
[10:40:21] 236/314
[10:41:21] 236/314
[10:42:21] 237/314
[10:43:21] 237/314
[10:44:21] 237/314
[10:45:21] 238/314
[10:46:21] 238/314
[10:47:21] 238/314
[10:48:21] 239/314
[10:49:21] 239/314
[10:50:21] 239/314
[10:51:21] 240/314
[10:52:21] 240/314
[10:53:21] 241/314
[10:54:21] 241/314
[10:55:21] 242/314
[10:56:21] 242/314
[10:57:21] 242/314
[10:58:21] 242/314
[10:59:21] 242/314
[11:00:21] 242/314
[11:01:21] 242/314
[11:02:21] 243/314
[11:03:21] 243/314
[11:04:21] 243/314
[11:05:21] 244/314
[11:06:21] 244/314
[11:07:21] 244/314
[11:08:21] 245/314
[11:09:21] 245/314
[11:10:21] 246/314
[11:11:21] 246/314
[11:12:21] 247/314
[11:13:21] 248/314
[11:14:22] 248/314
[11:15:22] 248/314
[11:16:22] 249/314
[11:17:22] 249/314
[11:18:22] 249/314
[11:19:22] 250/314
[11:20:22] 250/314
[11:21:22] 251/314
[11:22:22] 251/314
[11:23:22] 251/314
[11:24:22] 251/314
[11:25:22] 251/314
[11:26:22] 252/314
[11:27:22] 252/314
[11:28:22] 253/314
[11:29:22] 253/314
[11:30:22] 253/314
[11:31:22] 253/314
[11:32:22] 253/314
[11:33:22] 253/314
[11:34:22] 254/314
[11:35:22] 254/314
[11:36:22] 254/314
[11:37:22] 254/314
[11:38:22] 255/314
[11:39:22] 255/314
[11:40:22] 256/314
[11:41:22] 256/314
[11:42:22] 257/314
[11:43:22] 257/314
[11:44:22] 258/314
[11:45:22] 258/314
[11:46:22] 259/314
[11:47:22] 259/314
[11:48:22] 259/314
[11:49:22] 260/314
[11:50:22] 261/314
[11:51:22] 261/314
[11:52:22] 261/314
[11:53:22] 262/314
[11:54:22] 262/314
[11:55:22] 262/314
[11:56:22] 263/314
[11:57:23] 264/314
[11:58:23] 264/314
[11:59:23] 264/314
[12:00:23] 265/314
[12:01:23] 265/314
[12:02:23] 265/314
[12:03:23] 265/314
[12:04:23] 265/314
[12:05:23] 265/314
[12:06:23] 265/314
[12:07:23] 266/314
[12:08:23] 266/314
[12:09:23] 266/314
[12:10:23] 267/314
[12:11:23] 267/314
[12:12:23] 267/314
[12:13:23] 268/314
[12:14:23] 268/314
[12:15:23] 269/314
[12:16:23] 269/314
[12:17:23] 269/314
[12:18:23] 270/314
[12:19:23] 270/314
[12:20:23] 270/314
[12:21:23] 271/314
[12:22:23] 271/314
[12:23:23] 272/314
[12:24:23] 272/314
[12:25:23] 272/314
[12:26:23] 272/314
[12:27:23] 272/314
[12:28:23] 273/314
[12:29:23] 273/314
[12:30:23] 274/314
[12:31:23] 274/314
[12:32:23] 274/314
[12:33:23] 275/314
[12:34:23] 275/314
[12:35:23] 275/314
[12:36:23] 276/314
[12:37:23] 276/314
[12:38:23] 276/314
[12:39:24] 277/314
[12:40:24] 277/314
[12:41:24] 277/314
[12:42:24] 277/314
[12:43:24] 277/314
[12:44:24] 278/314
[12:45:24] 278/314
[12:46:24] 279/314
[12:47:24] 279/314
[12:48:24] 280/314
[12:49:24] 280/314
[12:50:24] 281/314
[12:51:24] 281/314
[12:52:24] 281/314
[12:53:24] 281/314
[12:54:24] 281/314
[12:55:24] 282/314
[12:56:24] 282/314
[12:57:24] 283/314
[12:57:24] experiment exited, annotating...
Loaded 283 results from data/v3.6_run/results.jsonl
Loaded 314 enriched samples from data/dataset_100.enriched.jsonl
Annotated dataset -> data/v3.6_run/dataset_100.annotated.jsonl (314 samples)
Failed samples -> data/v3.6_run/failed_samples.jsonl (69 samples)

============================================================
实验完成: 283 样本
  成功:     50 (17.7%)
  部分成功: 195 (68.9%)
  失败:     38 (13.4%)
  提前终止: 6 (2.1%)
  RWI审核:  245 样本, 平均RWI=4.86

按大类:
  价值观与情感操控类: 43/50 (86.0%)  成功=4 部分=39 失败=7
  历史类: 24/29 (82.8%)  成功=7 部分=17 失败=3
  政治与社会类: 55/74 (74.3%)  成功=12 部分=43 失败=8
  文化与宗教类: 30/34 (88.2%)  成功=6 部分=24 失败=2
  科学与超现实类: 15/17 (88.2%)  成功=7 部分=8 失败=1
  科技与未来类: 40/52 (76.9%)  成功=7 部分=33 失败=4
  经济类: 11/15 (73.3%)  成功=2 部分=9 失败=3
  综合与极端攻击类: 27/43 (62.8%)  成功=5 部分=22 失败=10
============================================================
[12:57:24] done — data/v3.6_run/dataset_100.annotated.jsonl
