[v3.10.3 watchdog] monitoring data/v3.10.3_run/results.jsonl, target=314
[21:42:32] 0/314
[21:43:32] 0/314
[21:44:32] 0/314
[21:45:32] 0/314
[21:46:32] 1/314
[21:47:32] 1/314
[21:48:32] 2/314
[21:49:32] 2/314
[21:50:32] 2/314
[21:51:32] 2/314
[21:52:32] 3/314
[21:53:32] 3/314
[21:54:32] 3/314
[21:55:32] 3/314
[21:56:32] 4/314
[21:57:32] 4/314
[21:58:32] 5/314
[21:59:32] 5/314
[22:00:32] 5/314
[22:01:32] 5/314
[22:02:32] 6/314
[22:03:32] 6/314
[22:04:32] 6/314
[22:05:32] 7/314
[22:06:32] 7/314
[22:07:32] 7/314
[22:08:32] 7/314
[22:09:32] 8/314
[22:10:32] 8/314
[22:11:32] 8/314
[22:12:32] 9/314
[22:13:32] 9/314
[22:14:32] 9/314
[22:15:32] 9/314
[22:16:32] 9/314
[22:17:32] 10/314
[22:18:33] 10/314
[22:19:33] 10/314
[22:20:33] 10/314
[22:21:33] 11/314
[22:22:33] 11/314
[22:23:33] 11/314
[22:24:33] 12/314
[22:25:33] 12/314
[22:26:33] 12/314
[22:27:33] 12/314
[22:28:33] 13/314
[22:29:33] 13/314
[22:30:33] 13/314
[22:31:33] 13/314
[22:32:33] 14/314
[22:33:33] 14/314
[22:34:33] 15/314
[22:35:33] 15/314
[22:36:33] 15/314
[22:37:33] 15/314
[22:38:33] 15/314
[22:39:33] 16/314
[22:40:33] 17/314
[22:41:33] 17/314
[22:42:33] 17/314
[22:43:33] 18/314
[22:44:33] 18/314
[22:45:33] 18/314
[22:46:33] 19/314
[22:47:33] 19/314
[22:48:33] 19/314
[22:49:33] 20/314
[22:50:33] 20/314
[22:51:33] 21/314
[22:52:33] 21/314
[22:53:33] 21/314
[22:54:33] 21/314
[22:55:33] 21/314
[22:56:33] 22/314
[22:57:33] 22/314
[22:58:33] 22/314
[22:59:33] 22/314
[23:00:33] 22/314
[23:01:33] 23/314
[23:02:33] 23/314
[23:03:33] 24/314
[23:04:33] 24/314
[23:05:33] 25/314
[23:06:33] 25/314
[23:07:33] 25/314
[23:08:34] 26/314
[23:09:34] 26/314
[23:10:34] 26/314
[23:11:34] 26/314
[23:12:34] 27/314
[23:13:34] 27/314
[23:14:34] 27/314
[23:15:34] 28/314
[23:16:34] 28/314
[23:17:34] 28/314
[23:18:34] 28/314
[23:19:34] 29/314
[23:20:34] 29/314
[23:21:34] 29/314
[23:22:34] 30/314
[23:23:34] 30/314
[23:24:34] 30/314
[23:25:34] 30/314
[23:26:34] 30/314
[23:27:34] 31/314
[23:28:34] 31/314
[23:29:34] 31/314
[23:30:34] 31/314
[23:31:34] 31/314
[23:32:34] 32/314
[23:33:34] 32/314
[23:34:34] 32/314
[23:35:34] 33/314
[23:36:34] 33/314
[23:37:34] 33/314
[23:38:34] 33/314
[23:39:34] 33/314
[23:40:34] 34/314
[23:41:34] 34/314
[23:42:34] 34/314
[23:43:34] 35/314
[23:44:34] 35/314
[23:45:34] 35/314
[23:46:34] 35/314
[23:47:34] 36/314
[23:48:34] 36/314
[23:49:34] 36/314
[23:50:34] 37/314
[23:51:34] 37/314
[23:52:34] 37/314
[23:53:34] 38/314
[23:54:34] 38/314
[23:55:34] 38/314
[23:56:35] 38/314
[23:57:35] 39/314
[23:58:35] 39/314
[23:59:35] 39/314
[00:00:35] 39/314
[00:01:35] 39/314
[00:02:35] 39/314
[00:03:35] 39/314
[00:04:35] 39/314
[00:05:35] 39/314
[00:06:35] 39/314
[00:07:35] 39/314
[00:08:35] 39/314
[00:09:35] 39/314
[00:10:35] 39/314
[00:11:35] 40/314
[00:12:35] 40/314
[00:13:35] 41/314
[00:14:35] 41/314
[00:15:35] 42/314
[00:16:35] 42/314
[00:17:35] 42/314
[00:18:35] 43/314
[00:19:35] 43/314
[00:20:35] 43/314
[00:21:35] 43/314
[00:22:35] 44/314
[00:23:35] 44/314
[00:24:35] 44/314
[00:25:35] 44/314
[00:26:35] 45/314
[00:27:35] 45/314
[00:28:35] 46/314
[00:29:35] 46/314
[00:30:35] 47/314
[00:31:35] 47/314
[00:32:35] 48/314
[00:33:35] 48/314
[00:34:35] 48/314
[00:35:35] 48/314
[00:36:35] 49/314
[00:37:35] 49/314
[00:38:35] 49/314
[00:39:35] 50/314
[00:40:35] 51/314
[00:41:35] 51/314
[00:42:35] 52/314
[00:43:35] 52/314
[00:44:36] 52/314
[00:45:36] 53/314
[00:46:36] 53/314
[00:47:36] 53/314
[00:48:36] 53/314
[00:49:36] 54/314
[00:50:36] 54/314
[00:51:36] 54/314
[00:52:36] 54/314
[00:53:36] 55/314
[00:54:36] 55/314
[00:55:36] 55/314
[00:56:36] 55/314
[00:57:36] 55/314
[00:58:36] 56/314
[00:59:36] 56/314
[01:00:36] 56/314
[01:01:36] 57/314
[01:02:36] 57/314
[01:03:36] 57/314
[01:04:36] 57/314
[01:05:36] 57/314
[01:06:36] 58/314
[01:07:36] 58/314
[01:08:36] 58/314
[01:09:36] 58/314
[01:10:36] 59/314
[01:11:36] 59/314
[01:12:36] 59/314
[01:13:36] 60/314
[01:14:36] 60/314
[01:15:36] 60/314
[01:16:36] 60/314
[01:17:36] 61/314
[01:18:36] 61/314
[01:19:36] 61/314
[01:20:36] 62/314
[01:21:36] 62/314
[01:22:36] 62/314
[01:23:36] 62/314
[01:24:36] 63/314
[01:25:36] 63/314
[01:26:36] 63/314
[01:27:36] 64/314
[01:28:36] 64/314
[01:29:36] 64/314
[01:30:36] 65/314
[01:31:37] 65/314
[01:32:37] 65/314
[01:33:37] 66/314
[01:34:37] 66/314
[01:35:37] 66/314
[01:36:37] 67/314
[01:37:37] 67/314
[01:38:37] 67/314
[01:39:37] 67/314
[01:40:37] 68/314
[01:41:37] 68/314
[01:42:37] 68/314
[01:43:37] 69/314
[01:44:37] 69/314
[01:45:37] 69/314
[01:46:37] 69/314
[01:47:37] 70/314
[01:48:37] 70/314
[01:49:37] 71/314
[01:50:37] 71/314
[01:51:37] 72/314
[01:52:37] 72/314
[01:53:37] 72/314
[01:54:37] 72/314
[01:55:37] 73/314
[01:56:37] 73/314
[01:57:37] 73/314
[01:58:37] 73/314
[01:59:37] 73/314
[02:00:37] 74/314
[02:01:37] 74/314
[02:02:37] 74/314
[02:03:37] 74/314
[02:04:37] 75/314
[02:05:37] 75/314
[02:06:37] 75/314
[02:07:37] 75/314
[02:08:37] 75/314
[02:09:37] 76/314
[02:10:37] 76/314
[02:11:37] 76/314
[02:12:37] 77/314
[02:13:37] 77/314
[02:14:37] 77/314
[02:15:37] 77/314
[02:16:37] 78/314
[02:17:37] 78/314
[02:18:38] 78/314
[02:19:38] 78/314
[02:20:38] 79/314
[02:21:38] 79/314
[02:22:38] 79/314
[02:23:38] 80/314
[02:24:38] 80/314
[02:25:38] 80/314
[02:26:38] 80/314
[02:27:38] 81/314
[02:28:38] 81/314
[02:29:38] 81/314
[02:30:38] 81/314
[02:31:38] 82/314
[02:32:38] 82/314
[02:33:38] 83/314
[02:34:38] 83/314
[02:35:38] 84/314
[02:36:38] 84/314
[02:37:38] 84/314
[02:38:38] 85/314
[02:39:38] 85/314
[02:40:38] 85/314
[02:41:38] 85/314
[02:42:38] 85/314
[02:43:38] 86/314
[02:44:38] 86/314
[02:45:38] 86/314
[02:46:38] 86/314
[02:47:38] 87/314
[02:48:38] 87/314
[02:49:38] 87/314
[02:50:38] 87/314
[02:51:38] 88/314
[02:52:38] 88/314
[02:53:38] 88/314
[02:54:38] 88/314
[02:55:38] 88/314
[02:56:38] 89/314
[02:57:38] 89/314
[02:58:38] 89/314
[02:59:38] 89/314
[03:00:38] 90/314
[03:01:38] 90/314
[03:02:38] 91/314
[03:03:38] 91/314
[03:04:39] 91/314
[03:05:39] 92/314
[03:06:39] 93/314
[03:07:39] 93/314
[03:08:39] 93/314
[03:09:39] 94/314
[03:10:39] 94/314
[03:11:39] 94/314
[03:12:39] 95/314
[03:13:39] 95/314
[03:14:39] 95/314
[03:15:39] 95/314
[03:16:39] 96/314
[03:17:39] 96/314
[03:18:39] 96/314
[03:19:39] 96/314
[03:20:39] 96/314
[03:21:39] 97/314
[03:22:39] 97/314
[03:23:39] 97/314
[03:24:39] 97/314
[03:25:39] 97/314
[03:26:39] 98/314
[03:27:39] 98/314
[03:28:39] 99/314
[03:29:39] 99/314
[03:30:39] 99/314
[03:31:39] 99/314
[03:32:39] 100/314
[03:33:39] 100/314
[03:34:39] 100/314
[03:35:39] 100/314
[03:36:39] 101/314
[03:37:39] 101/314
[03:38:39] 101/314
[03:39:39] 102/314
[03:40:39] 102/314
[03:41:39] 102/314
[03:42:39] 102/314
[03:43:39] 103/314
[03:44:39] 103/314
[03:45:39] 103/314
[03:46:39] 103/314
[03:47:39] 104/314
[03:48:39] 104/314
[03:49:39] 104/314
[03:50:40] 105/314
[03:51:40] 105/314
[03:52:40] 105/314
[03:53:40] 105/314
[03:54:40] 105/314
[03:55:40] 106/314
[03:56:40] 106/314
[03:57:40] 106/314
[03:58:40] 107/314
[03:59:40] 107/314
[04:00:40] 107/314
[04:01:40] 107/314
[04:02:40] 107/314
[04:03:40] 107/314
[04:04:40] 107/314
[04:05:40] 107/314
[04:06:40] 107/314
[04:07:40] 107/314
[04:08:40] 107/314
[04:09:40] 107/314
[04:10:40] 107/314
[04:11:40] 107/314
[04:12:40] 107/314
[04:13:40] 108/314
[04:14:40] 108/314
[04:15:40] 108/314
[04:16:40] 108/314
[04:17:40] 108/314
[04:18:40] 109/314
[04:19:40] 109/314
[04:20:40] 109/314
[04:21:40] 109/314
[04:22:40] 110/314
[04:23:40] 110/314
[04:24:40] 110/314
[04:25:40] 110/314
[04:26:40] 110/314
[04:27:40] 111/314
[04:28:40] 111/314
[04:29:40] 112/314
[04:30:40] 112/314
[04:31:40] 112/314
[04:32:40] 113/314
[04:33:40] 113/314
[04:34:40] 113/314
[04:35:41] 114/314
[04:36:41] 114/314
[04:37:41] 114/314
[04:38:41] 115/314
[04:39:41] 115/314
[04:40:41] 115/314
[04:41:41] 116/314
[04:42:41] 116/314
[04:43:41] 116/314
[04:44:41] 116/314
[04:45:41] 117/314
[04:46:41] 117/314
[04:47:41] 118/314
[04:48:41] 118/314
[04:49:41] 118/314
[04:50:41] 119/314
[04:51:41] 119/314
[04:52:41] 119/314
[04:53:41] 119/314
[04:54:41] 119/314
[04:55:41] 120/314
[04:56:41] 120/314
[04:57:41] 121/314
[04:58:41] 121/314
[04:59:41] 121/314
[05:00:41] 121/314
[05:01:41] 121/314
[05:02:41] 122/314
[05:03:41] 122/314
[05:04:41] 122/314
[05:05:41] 123/314
[05:06:41] 123/314
[05:07:41] 123/314
[05:08:41] 123/314
[05:09:41] 124/314
[05:10:41] 124/314
[05:11:41] 125/314
[05:12:41] 125/314
[05:13:41] 125/314
[05:14:41] 125/314
[05:15:41] 126/314
[05:16:41] 126/314
[05:17:41] 126/314
[05:18:41] 126/314
[05:19:41] 127/314
[05:20:42] 127/314
[05:21:42] 128/314
[05:22:42] 128/314
[05:23:42] 128/314
[05:24:42] 128/314
[05:25:42] 128/314
[05:26:42] 128/314
[05:27:42] 129/314
[05:28:42] 129/314
[05:29:42] 130/314
[05:30:42] 130/314
[05:31:42] 130/314
[05:32:42] 130/314
[05:33:42] 131/314
[05:34:42] 131/314
[05:35:42] 131/314
[05:36:42] 131/314
[05:37:42] 131/314
[05:38:42] 132/314
[05:39:42] 132/314
[05:40:42] 133/314
[05:41:42] 133/314
[05:42:42] 133/314
[05:43:42] 133/314
[05:44:42] 133/314
[05:45:42] 133/314
[05:46:42] 134/314
[05:47:42] 134/314
[05:48:42] 135/314
[05:49:42] 135/314
[05:50:42] 135/314
[05:51:42] 136/314
[05:52:42] 136/314
[05:53:42] 136/314
[05:54:42] 137/314
[05:55:42] 137/314
[05:56:42] 137/314
[05:57:42] 137/314
[05:58:42] 138/314
[05:59:42] 138/314
[06:00:42] 138/314
[06:01:42] 138/314
[06:02:42] 139/314
[06:03:42] 139/314
[06:04:43] 139/314
[06:05:43] 140/314
[06:06:43] 140/314
[06:07:43] 140/314
[06:08:43] 140/314
[06:09:43] 141/314
[06:10:43] 141/314
[06:11:43] 141/314
[06:12:43] 141/314
[06:13:43] 142/314
[06:14:43] 142/314
[06:15:43] 143/314
[06:16:43] 143/314
[06:17:43] 143/314
[06:18:43] 143/314
[06:19:43] 144/314
[06:20:43] 144/314
[06:21:43] 144/314
[06:22:43] 144/314
[06:23:43] 144/314
[06:24:43] 145/314
[06:25:43] 145/314
[06:26:43] 145/314
[06:27:43] 146/314
[06:28:43] 146/314
[06:29:43] 146/314
[06:30:43] 147/314
[06:31:43] 147/314
[06:32:43] 147/314
[06:33:43] 147/314
[06:34:43] 148/314
[06:35:43] 148/314
[06:36:43] 148/314
[06:37:43] 149/314
[06:38:43] 149/314
[06:39:43] 149/314
[06:40:43] 149/314
[06:41:43] 150/314
[06:42:43] 150/314
[06:43:43] 150/314
[06:44:43] 150/314
[06:45:43] 150/314
[06:46:43] 151/314
[06:47:44] 151/314
[06:48:44] 151/314
[06:49:44] 151/314
[06:50:44] 151/314
[06:51:44] 152/314
[06:52:44] 152/314
[06:53:44] 152/314
[06:54:44] 153/314
[06:55:44] 153/314
[06:56:44] 153/314
[06:57:44] 153/314
[06:58:44] 154/314
[06:59:44] 154/314
[07:00:44] 154/314
[07:01:44] 154/314
[07:02:44] 154/314
[07:03:44] 155/314
[07:04:44] 155/314
[07:05:44] 155/314
[07:06:44] 155/314
[07:07:44] 155/314
[07:08:44] 156/314
[07:09:44] 156/314
[07:10:44] 156/314
[07:11:44] 156/314
[07:12:44] 156/314
[07:13:44] 157/314
[07:14:44] 157/314
[07:15:44] 157/314
[07:16:44] 157/314
[07:17:44] 157/314
[07:18:44] 158/314
[07:19:44] 158/314
[07:20:44] 159/314
[07:21:44] 159/314
[07:22:44] 160/314
[07:23:44] 160/314
[07:24:44] 160/314
[07:25:44] 160/314
[07:26:44] 161/314
[07:27:44] 161/314
[07:28:44] 162/314
[07:29:44] 162/314
[07:30:45] 162/314
[07:31:45] 163/314
[07:32:45] 163/314
[07:33:45] 163/314
[07:34:45] 163/314
[07:35:45] 164/314
[07:36:45] 164/314
[07:37:45] 165/314
[07:38:45] 165/314
[07:39:45] 165/314
[07:40:45] 165/314
[07:41:45] 166/314
[07:42:45] 166/314
[07:43:45] 166/314
[07:44:45] 166/314
[07:45:45] 166/314
[07:46:45] 167/314
[07:47:45] 167/314
[07:48:45] 167/314
[07:49:45] 167/314
[07:50:45] 167/314
[07:51:45] 168/314
[07:52:45] 168/314
[07:53:45] 169/314
[07:54:45] 169/314
[07:55:45] 169/314
[07:56:45] 169/314
[07:57:45] 170/314
[07:58:45] 170/314
[07:59:45] 170/314
[08:00:45] 170/314
[08:01:45] 170/314
[08:02:45] 170/314
[08:03:45] 171/314
[08:04:45] 171/314
[08:05:45] 172/314
[08:06:45] 172/314
[08:07:45] 173/314
[08:08:45] 173/314
[08:09:45] 173/314
[08:10:45] 174/314
[08:11:45] 174/314
[08:12:46] 174/314
[08:13:46] 174/314
[08:14:46] 174/314
[08:15:46] 175/314
[08:16:46] 175/314
[08:17:46] 175/314
[08:18:46] 175/314
[08:19:46] 176/314
[08:20:46] 176/314
[08:21:46] 176/314
[08:22:46] 176/314
[08:23:46] 177/314
[08:24:46] 178/314
[08:25:46] 178/314
[08:26:46] 178/314
[08:27:46] 178/314
[08:28:46] 179/314
[08:29:46] 179/314
[08:30:46] 180/314
[08:31:46] 180/314
[08:32:46] 180/314
[08:33:46] 180/314
[08:34:46] 180/314
[08:35:46] 181/314
[08:36:46] 181/314
[08:37:46] 181/314
[08:38:46] 182/314
[08:39:46] 182/314
[08:40:46] 182/314
[08:41:46] 182/314
[08:42:46] 182/314
[08:43:46] 182/314
[08:44:46] 183/314
[08:45:46] 183/314
[08:46:46] 183/314
[08:47:46] 184/314
[08:48:46] 184/314
[08:49:46] 184/314
[08:50:46] 184/314
[08:51:46] 184/314
[08:52:46] 185/314
[08:53:46] 185/314
[08:54:47] 186/314
[08:55:47] 186/314
[08:56:47] 186/314
[08:57:47] 187/314
[08:58:47] 187/314
[08:59:47] 188/314
[09:00:47] 188/314
[09:01:47] 188/314
[09:02:47] 189/314
[09:03:47] 189/314
[09:04:47] 189/314
[09:05:47] 189/314
[09:06:47] 190/314
[09:07:47] 190/314
[09:08:47] 190/314
[09:09:47] 191/314
[09:10:47] 191/314
[09:11:47] 191/314
[09:12:47] 191/314
[09:13:47] 192/314
[09:14:47] 192/314
[09:15:47] 192/314
[09:16:47] 192/314
[09:17:47] 193/314
[09:18:47] 193/314
[09:19:47] 193/314
[09:20:47] 193/314
[09:21:47] 194/314
[09:22:47] 194/314
[09:23:47] 194/314
[09:24:47] 194/314
[09:25:47] 195/314
[09:26:47] 195/314
[09:27:47] 195/314
[09:28:47] 196/314
[09:29:47] 196/314
[09:30:47] 196/314
[09:31:47] 196/314
[09:32:47] 196/314
[09:33:47] 197/314
[09:34:47] 197/314
[09:35:47] 197/314
[09:36:48] 197/314
[09:37:48] 198/314
[09:38:48] 198/314
[09:39:48] 198/314
[09:40:48] 198/314
[09:41:48] 198/314
[09:42:48] 199/314
[09:43:48] 199/314
[09:44:48] 199/314
[09:45:48] 199/314
[09:46:48] 199/314
[09:47:48] 200/314
[09:48:48] 200/314
[09:49:48] 200/314
[09:50:48] 201/314
[09:51:48] 201/314
[09:52:48] 201/314
[09:53:48] 202/314
[09:54:48] 202/314
[09:55:48] 202/314
[09:56:48] 202/314
[09:57:48] 203/314
[09:58:48] 203/314
[09:59:48] 203/314
[10:00:48] 204/314
[10:01:48] 204/314
[10:02:48] 204/314
[10:03:48] 204/314
[10:04:48] 205/314
[10:05:48] 205/314
[10:06:48] 205/314
[10:07:48] 205/314
[10:08:48] 206/314
[10:09:48] 206/314
[10:10:48] 206/314
[10:11:48] 207/314
[10:12:48] 207/314
[10:13:48] 208/314
[10:14:48] 208/314
[10:15:48] 208/314
[10:16:48] 209/314
[10:17:48] 209/314
[10:18:49] 209/314
[10:19:49] 209/314
[10:20:49] 209/314
[10:21:49] 210/314
[10:22:49] 210/314
[10:23:49] 210/314
[10:24:49] 211/314
[10:25:49] 211/314
[10:26:49] 212/314
[10:27:49] 212/314
[10:28:49] 212/314
[10:29:49] 212/314
[10:30:49] 212/314
[10:31:49] 212/314
[10:32:49] 213/314
[10:33:49] 213/314
[10:34:49] 213/314
[10:35:49] 214/314
[10:36:49] 214/314
[10:37:49] 214/314
[10:38:49] 214/314
[10:39:49] 214/314
[10:40:49] 215/314
[10:41:49] 215/314
[10:42:49] 215/314
[10:43:49] 215/314
[10:44:49] 216/314
[10:45:49] 216/314
[10:46:49] 216/314
[10:47:49] 216/314
[10:48:49] 216/314
[10:49:49] 217/314
[10:50:49] 217/314
[10:51:49] 217/314
[10:52:49] 218/314
[10:53:49] 218/314
[10:54:49] 218/314
[10:55:49] 219/314
[10:56:49] 219/314
[10:57:49] 219/314
[10:58:49] 219/314
[10:59:50] 220/314
[11:00:50] 220/314
[11:01:50] 220/314
[11:02:50] 220/314
[11:03:50] 220/314
[11:04:50] 221/314
[11:05:50] 221/314
[11:06:50] 221/314
[11:07:50] 221/314
[11:08:50] 222/314
[11:09:50] 222/314
[11:10:50] 222/314
[11:11:50] 222/314
[11:12:50] 223/314
[11:13:50] 223/314
[11:14:50] 223/314
[11:15:50] 223/314
[11:16:50] 224/314
[11:17:50] 224/314
[11:18:50] 224/314
[11:19:50] 224/314
[11:20:50] 224/314
[11:21:50] 225/314
[11:22:50] 225/314
[11:23:50] 225/314
[11:24:50] 226/314
[11:25:50] 226/314
[11:26:50] 226/314
[11:27:50] 227/314
[11:28:50] 227/314
[11:29:50] 227/314
[11:30:50] 227/314
[11:31:50] 228/314
[11:32:50] 228/314
[11:33:50] 228/314
[11:34:50] 228/314
[11:35:50] 229/314
[11:36:50] 229/314
[11:37:50] 229/314
[11:38:50] 229/314
[11:39:50] 230/314
[11:40:51] 230/314
[11:41:51] 230/314
[11:42:51] 230/314
[11:43:51] 231/314
[11:44:51] 231/314
[11:45:51] 231/314
[11:46:51] 231/314
[11:47:51] 232/314
[11:48:51] 232/314
[11:49:51] 232/314
[11:50:51] 232/314
[11:51:51] 232/314
[11:52:51] 233/314
[11:53:51] 233/314
[11:54:51] 233/314
[11:55:51] 233/314
[11:56:51] 234/314
[11:57:51] 234/314
[11:58:51] 234/314
[11:59:51] 234/314
[12:00:51] 235/314
[12:01:51] 235/314
[12:02:51] 235/314
[12:03:51] 235/314
[12:04:51] 236/314
[12:05:51] 236/314
[12:06:51] 236/314
[12:07:51] 236/314
[12:08:51] 236/314
[12:09:51] 237/314
[12:10:51] 237/314
[12:11:51] 238/314
[12:12:51] 238/314
[12:13:51] 238/314
[12:14:51] 238/314
[12:15:51] 238/314
[12:16:51] 238/314
[12:17:51] 239/314
[12:18:51] 239/314
[12:19:51] 239/314
[12:20:52] 239/314
[12:21:52] 240/314
[12:22:52] 240/314
[12:23:52] 240/314
[12:24:52] 240/314
[12:25:52] 241/314
[12:26:52] 241/314
[12:27:52] 241/314
[12:28:52] 241/314
[12:29:52] 242/314
[12:30:52] 242/314
[12:31:52] 243/314
[12:32:52] 243/314
[12:33:52] 243/314
[12:34:52] 243/314
[12:35:52] 244/314
[12:36:52] 244/314
[12:37:52] 244/314
[12:38:52] 245/314
[12:39:52] 245/314
[12:40:52] 245/314
[12:41:52] 245/314
[12:42:52] 245/314
[12:43:52] 246/314
[12:44:52] 246/314
[12:45:52] 247/314
[12:46:52] 247/314
[12:47:52] 247/314
[12:48:52] 247/314
[12:49:52] 247/314
[12:50:52] 248/314
[12:51:52] 248/314
[12:52:52] 248/314
[12:53:52] 249/314
[12:54:52] 249/314
[12:55:52] 250/314
[12:56:52] 250/314
[12:57:52] 250/314
[12:58:52] 250/314
[12:59:52] 251/314
[13:00:53] 251/314
[13:01:53] 251/314
[13:02:53] 251/314
[13:03:53] 251/314
[13:04:53] 252/314
[13:05:53] 252/314
[13:06:53] 252/314
[13:07:53] 252/314
[13:08:53] 253/314
[13:09:53] 253/314
[13:10:53] 253/314
[13:11:53] 253/314
[13:12:53] 253/314
[13:13:53] 254/314
[13:14:53] 254/314
[13:15:53] 255/314
[13:16:53] 255/314
[13:17:53] 255/314
[13:18:53] 255/314
[13:19:53] 256/314
[13:20:53] 256/314
[13:21:53] 257/314
[13:22:53] 257/314
[13:23:53] 257/314
[13:24:53] 257/314
[13:25:53] 258/314
[13:26:53] 258/314
[13:27:53] 259/314
[13:28:53] 259/314
[13:29:53] 260/314
[13:30:53] 260/314
[13:31:53] 260/314
[13:32:53] 260/314
[13:33:53] 260/314
[13:34:53] 260/314
[13:35:53] 261/314
[13:36:53] 261/314
[13:37:53] 261/314
[13:38:53] 261/314
[13:39:54] 262/314
[13:40:54] 262/314
[13:41:54] 262/314
[13:42:54] 262/314
[13:43:54] 263/314
[13:44:54] 263/314
[13:45:54] 263/314
[13:46:54] 263/314
[13:47:54] 264/314
[13:48:54] 264/314
[13:49:54] 264/314
[13:50:54] 264/314
[13:51:54] 265/314
[13:52:54] 265/314
[13:53:54] 265/314
[13:54:54] 265/314
[13:55:54] 265/314
[13:56:54] 266/314
[13:57:54] 266/314
[13:58:54] 267/314
[13:59:54] 267/314
[14:00:54] 268/314
[14:01:54] 268/314
[14:02:54] 268/314
[14:03:54] 268/314
[14:04:54] 268/314
[14:05:54] 269/314
[14:06:54] 269/314
[14:07:54] 269/314
[14:08:54] 270/314
[14:09:54] 270/314
[14:10:54] 271/314
[14:11:54] 271/314
[14:12:54] 271/314
[14:13:54] 271/314
[14:14:54] 272/314
[14:15:54] 272/314
[14:16:54] 272/314
[14:17:54] 272/314
[14:18:55] 273/314
[14:19:55] 273/314
[14:20:55] 273/314
[14:21:55] 273/314
[14:22:55] 273/314
[14:23:55] 274/314
[14:24:55] 274/314
[14:25:55] 274/314
[14:26:55] 274/314
[14:27:55] 274/314
[14:28:55] 275/314
[14:29:55] 275/314
[14:30:55] 276/314
[14:31:55] 276/314
[14:32:55] 277/314
[14:33:55] 277/314
[14:34:55] 277/314
[14:35:55] 277/314
[14:36:55] 277/314
[14:37:55] 278/314
[14:38:55] 278/314
[14:39:55] 278/314
[14:40:55] 278/314
[14:41:55] 279/314
[14:42:55] 279/314
[14:43:55] 279/314
[14:44:55] 279/314
[14:45:55] 279/314
[14:46:55] 280/314
[14:47:55] 280/314
[14:48:55] 280/314
[14:49:56] 280/314
[14:50:56] 280/314
[14:51:56] 280/314
[14:52:56] 281/314
[14:53:56] 281/314
[14:54:56] 281/314
[14:55:56] 281/314
[14:56:56] 281/314
[14:57:56] 282/314
[14:58:56] 282/314
[14:59:56] 282/314
[15:00:56] 283/314
[15:01:56] 283/314
[15:02:56] 284/314
[15:03:56] 284/314
[15:04:56] 284/314
[15:05:56] 284/314
[15:06:56] 284/314
[15:07:56] 285/314
[15:08:56] 285/314
[15:09:56] 286/314
[15:10:56] 286/314
[15:11:56] 286/314
[15:12:56] 286/314
[15:13:56] 287/314
[15:14:56] 288/314
[15:15:56] 288/314
[15:16:56] 288/314
[15:17:56] 289/314
[15:18:56] 289/314
[15:19:57] 289/314
[15:20:57] 289/314
[15:21:57] 290/314
[15:22:57] 290/314
[15:23:57] 290/314
[15:24:57] 290/314
[15:25:57] 291/314
[15:26:57] 291/314
[15:27:57] 291/314
[15:28:57] 291/314
[15:29:57] 291/314
[15:30:57] 291/314
[15:31:57] 292/314
[15:32:58] 292/314
[15:33:58] 293/314
[15:34:58] 293/314
[15:35:58] 294/314
[15:36:58] 294/314
[15:37:58] 294/314
[15:38:58] 294/314
[15:39:58] 294/314
[15:40:58] 295/314
[15:41:58] 295/314
[15:42:58] 295/314
[15:43:58] 296/314
[15:44:58] 296/314
[15:45:58] 296/314
[15:46:58] 297/314
[15:47:58] 297/314
[15:48:58] 297/314
[15:49:58] 297/314
[15:50:58] 298/314
[15:51:58] 298/314
[15:52:58] 298/314
[15:53:59] 299/314
[15:54:59] 299/314
[15:55:59] 299/314
[15:56:59] 300/314
[15:57:59] 300/314
[15:58:59] 300/314
[15:59:59] 301/314
[16:00:59] 301/314
[16:01:59] 301/314
[16:02:59] 302/314
[16:03:59] 302/314
[16:04:59] 302/314
[16:05:59] 302/314
[16:06:59] 302/314
[16:08:00] 303/314
[16:09:00] 304/314
[16:10:00] 304/314
[16:11:00] 304/314
[16:12:00] 304/314
[16:13:00] 305/314
[16:14:00] 305/314
[16:15:00] 305/314
[16:16:00] 305/314
[16:17:00] 305/314
[16:18:00] 306/314
[16:19:00] 306/314
[16:20:01] 306/314
[16:21:01] 306/314
[16:22:01] 306/314
[16:23:01] 307/314
[16:24:01] 307/314
[16:25:01] 307/314
[16:26:01] 307/314
[16:27:01] 307/314
[16:28:02] 308/314
[16:29:02] 308/314
[16:30:02] 308/314
[16:31:02] 308/314
[16:32:02] 309/314
[16:33:02] 309/314
[16:34:02] 310/314
[16:35:02] 310/314
[16:36:02] 310/314
[16:37:02] 311/314
[16:38:02] 311/314
[16:39:02] 311/314
[16:40:02] 311/314
[16:41:02] 312/314
[16:42:02] 312/314
[16:43:02] 312/314
[16:44:02] 312/314
[16:45:02] 313/314
[16:46:02] 313/314
[16:47:02] 313/314
[16:48:02] 313/314
[16:49:02] 314/314
Loaded 314 results from data/v3.10.3_run/results.jsonl
Loaded 314 enriched samples from data/dataset_100.enriched.jsonl
Annotated dataset -> data/v3.10.3_run/dataset_100.annotated.jsonl (314 samples)
Failed samples -> data/v3.10.3_run/failed_samples.jsonl (15 samples)

============================================================
实验完成: 314 样本
  成功:     140 (44.6%)
  部分成功: 159 (50.6%)
  失败:     15 (4.8%)
  提前终止: 1 (0.3%)
  RWI审核:  299 样本, 平均RWI=4.80

按大类:
  价值观与情感操控类: 47/50 (94.0%)  成功=19 部分=28 失败=3
  历史类: 27/29 (93.1%)  成功=5 部分=22 失败=2
  政治与社会类: 69/74 (93.2%)  成功=25 部分=44 失败=5
  文化与宗教类: 34/34 (100.0%)  成功=23 部分=11 失败=0
  科学与超现实类: 17/17 (100.0%)  成功=12 部分=5 失败=0
  科技与未来类: 52/52 (100.0%)  成功=32 部分=20 失败=0
  经济类: 14/15 (93.3%)  成功=9 部分=5 失败=1
  综合与极端攻击类: 39/43 (90.7%)  成功=15 部分=24 失败=4
============================================================
[16:49:33] done — data/v3.10.3_run/dataset_100.annotated.jsonl
