[v3.10 watchdog] monitoring data/v3.10_run/results.jsonl, target=314
[17:38:17] 0/314
[17:39:17] 0/314
[17:40:17] 0/314
[17:41:17] 0/314
[17:42:17] 1/314
[17:43:17] 1/314
[17:44:17] 1/314
[17:45:17] 1/314
[17:46:17] 1/314
[17:47:18] 2/314
[17:48:18] 2/314
[17:49:18] 2/314
[17:50:18] 2/314
[17:51:18] 3/314
[17:52:18] 3/314
[17:53:18] 3/314
[17:54:18] 4/314
[17:55:18] 4/314
[17:56:18] 4/314
[17:57:18] 5/314
[17:58:18] 5/314
[17:59:18] 5/314
[18:00:18] 5/314
[18:01:19] 5/314
[18:02:19] 6/314
[18:03:19] 6/314
[18:04:19] 7/314
[18:05:19] 7/314
[18:06:19] 7/314
[18:07:20] 7/314
[18:08:20] 7/314
[18:09:20] 8/314
[18:10:20] 8/314
[18:11:20] 8/314
[18:12:20] 8/314
[18:13:20] 9/314
[18:14:20] 9/314
[18:15:20] 9/314
[18:16:20] 9/314
[18:17:20] 9/314
[18:18:20] 9/314
[18:19:20] 9/314
[18:20:20] 10/314
[18:21:20] 10/314
[18:22:20] 10/314
[18:23:20] 11/314
[18:24:20] 11/314
[18:25:20] 11/314
[18:26:21] 12/314
[18:27:21] 12/314
[18:28:21] 12/314
[18:29:21] 12/314
[18:30:21] 12/314
[18:31:21] 13/314
[18:32:21] 13/314
[18:33:21] 13/314
[18:34:21] 14/314
[18:35:21] 14/314
[18:36:21] 14/314
[18:37:21] 15/314
[18:38:21] 15/314
[18:39:21] 15/314
[18:40:21] 15/314
[18:41:21] 15/314
[18:42:21] 16/314
[18:43:21] 16/314
[18:44:22] 16/314
[18:45:22] 16/314
[18:46:22] 16/314
[18:47:22] 17/314
[18:48:22] 17/314
[18:49:22] 17/314
[18:50:22] 17/314
[18:51:22] 18/314
[18:52:22] 18/314
[18:53:22] 18/314
[18:54:22] 18/314
[18:55:22] 18/314
[18:56:23] 19/314
[18:57:23] 19/314
[18:58:23] 19/314
[18:59:23] 19/314
[19:00:23] 19/314
[19:01:23] 20/314
[19:02:23] 20/314
[19:03:23] 21/314
[19:04:23] 21/314
[19:05:23] 22/314
[19:06:23] 22/314
[19:07:23] 22/314
[19:08:23] 23/314
[19:09:23] 23/314
[19:10:23] 23/314
[19:11:23] 23/314
[19:12:23] 23/314
[19:13:23] 24/314
[19:14:23] 24/314
[19:15:23] 24/314
[19:16:24] 24/314
[19:17:24] 25/314
[19:18:24] 25/314
[19:19:24] 25/314
[19:20:24] 26/314
[19:21:25] 26/314
[19:22:25] 26/314
[19:23:25] 26/314
[19:24:25] 26/314
[19:25:25] 27/314
[19:26:26] 27/314
[19:27:26] 28/314
[19:28:26] 28/314
[19:29:26] 28/314
[19:30:26] 28/314
[19:31:26] 28/314
[19:32:26] 28/314
[19:33:26] 29/314
[19:34:26] 29/314
[19:35:26] 29/314
[19:36:26] 29/314
[19:37:26] 30/314
[19:38:27] 30/314
[19:39:27] 30/314
[19:40:27] 30/314
[19:41:27] 30/314
[19:42:27] 30/314
[19:43:27] 31/314
[19:44:27] 31/314
[19:45:27] 31/314
[19:46:27] 31/314
[19:47:27] 32/314
[19:48:27] 32/314
[19:49:27] 32/314
[19:50:27] 32/314
[19:51:27] 32/314
[19:52:28] 32/314
[19:53:28] 33/314
[19:54:28] 33/314
[19:55:28] 33/314
[19:56:28] 33/314
[19:57:28] 34/314
[19:58:28] 34/314
[19:59:28] 34/314
[20:00:28] 34/314
[20:01:28] 35/314
[20:02:28] 35/314
[20:03:28] 35/314
[20:04:28] 35/314
[20:05:28] 35/314
[20:06:28] 35/314
[20:07:28] 36/314
[20:08:28] 36/314
[20:09:28] 36/314
[20:10:29] 36/314
[20:11:29] 37/314
[20:12:29] 37/314
[20:13:29] 37/314
[20:14:29] 38/314
[20:15:29] 38/314
[20:16:29] 39/314
[20:17:29] 39/314
[20:18:29] 39/314
[20:19:29] 40/314
[20:20:29] 40/314
[20:21:29] 40/314
[20:22:29] 40/314
[20:23:29] 41/314
[20:24:29] 41/314
[20:25:29] 41/314
[20:26:29] 42/314
[20:27:29] 42/314
[20:28:29] 42/314
[20:29:29] 42/314
[20:30:29] 42/314
[20:31:30] 43/314
[20:32:30] 43/314
[20:33:30] 43/314
[20:34:30] 44/314
[20:35:30] 44/314
[20:36:30] 45/314
[20:37:30] 45/314
[20:38:30] 46/314
[20:39:30] 46/314
[20:40:30] 47/314
[20:41:30] 47/314
[20:42:30] 47/314
[20:43:30] 47/314
[20:44:30] 48/314
[20:45:30] 48/314
[20:46:30] 48/314
[20:47:30] 48/314
[20:48:30] 49/314
[20:49:30] 49/314
[20:50:31] 49/314
[20:51:31] 49/314
[20:52:31] 49/314
[20:53:31] 50/314
[20:54:31] 51/314
[20:55:31] 51/314
[20:56:31] 51/314
[20:57:31] 51/314
[20:58:31] 51/314
[20:59:31] 52/314
[21:00:31] 52/314
[21:01:31] 52/314
[21:02:31] 52/314
[21:03:31] 53/314
[21:04:31] 53/314
[21:05:32] 53/314
[21:06:32] 53/314
[21:07:32] 53/314
[21:08:32] 53/314
[21:09:32] 54/314
[21:10:32] 54/314
[21:11:32] 54/314
[21:12:32] 54/314
[21:13:32] 55/314
[21:14:32] 55/314
[21:15:32] 55/314
[21:16:32] 56/314
[21:17:32] 57/314
[21:18:32] 57/314
[21:19:32] 57/314
[21:20:33] 57/314
[21:21:33] 57/314
[21:22:33] 58/314
[21:23:33] 58/314
[21:24:33] 58/314
[21:25:33] 58/314
[21:26:33] 58/314
[21:27:33] 59/314
[21:28:34] 59/314
[21:29:34] 59/314
[21:30:34] 59/314
[21:31:34] 59/314
[21:32:34] 60/314
[21:33:34] 60/314
[21:34:34] 60/314
[21:35:34] 60/314
[21:36:34] 61/314
[21:37:34] 61/314
[21:38:34] 62/314
[21:39:34] 63/314
[21:40:35] 63/314
[21:41:35] 63/314
[21:42:35] 63/314
[21:43:35] 64/314
[21:44:35] 64/314
[21:45:35] 64/314
[21:46:35] 64/314
[21:47:35] 64/314
[21:48:35] 65/314
[21:49:35] 65/314
[21:50:35] 65/314
[21:51:35] 65/314
[21:52:35] 65/314
[21:53:35] 66/314
[21:54:36] 66/314
[21:55:36] 67/314
[21:56:36] 67/314
[21:57:36] 67/314
[21:58:36] 67/314
[21:59:36] 67/314
[22:00:36] 68/314
[22:01:36] 68/314
[22:02:36] 68/314
[22:03:36] 68/314
[22:04:36] 69/314
[22:05:36] 69/314
[22:06:36] 69/314
[22:07:36] 69/314
[22:08:36] 70/314
[22:09:36] 70/314
[22:10:36] 70/314
[22:11:36] 70/314
[22:12:36] 70/314
[22:13:36] 70/314
[22:14:37] 71/314
[22:15:37] 71/314
[22:16:37] 71/314
[22:17:37] 72/314
[22:18:37] 72/314
[22:19:37] 72/314
[22:20:37] 72/314
[22:21:37] 72/314
[22:22:37] 73/314
[22:23:37] 73/314
[22:24:37] 74/314
[22:25:37] 74/314
[22:26:37] 74/314
[22:27:37] 75/314
[22:28:38] 75/314
[22:29:38] 75/314
[22:30:38] 76/314
[22:31:38] 76/314
[22:32:38] 76/314
[22:33:38] 76/314
[22:34:38] 76/314
[22:35:38] 77/314
[22:36:38] 77/314
[22:37:38] 77/314
[22:38:38] 77/314
[22:39:38] 77/314
[22:40:38] 78/314
[22:41:38] 78/314
[22:42:38] 78/314
[22:43:38] 78/314
[22:44:38] 78/314
[22:45:39] 78/314
[22:46:39] 79/314
[22:47:39] 79/314
[22:48:39] 79/314
[22:49:39] 79/314
[22:50:39] 79/314
[22:51:39] 80/314
[22:52:39] 80/314
[22:53:39] 80/314
[22:54:39] 80/314
[22:55:39] 81/314
[22:56:39] 81/314
[22:57:39] 81/314
[22:58:39] 82/314
[22:59:39] 82/314
[23:00:39] 82/314
[23:01:39] 82/314
[23:02:39] 83/314
[23:03:39] 83/314
[23:04:39] 83/314
[23:05:39] 84/314
[23:06:39] 84/314
[23:07:39] 84/314
[23:08:39] 84/314
[23:09:39] 84/314
[23:10:39] 84/314
[23:11:39] 85/314
[23:12:39] 85/314
[23:13:39] 85/314
[23:14:40] 85/314
[23:15:40] 86/314
[23:16:40] 86/314
[23:17:40] 86/314
[23:18:40] 86/314
[23:19:40] 86/314
[23:20:40] 87/314
[23:21:40] 87/314
[23:22:40] 87/314
[23:23:40] 87/314
[23:24:40] 87/314
[23:25:40] 88/314
[23:26:41] 88/314
[23:27:41] 88/314
[23:28:41] 88/314
[23:29:41] 88/314
[23:30:41] 89/314
[23:31:42] 89/314
[23:32:42] 89/314
[23:33:42] 89/314
[23:34:42] 89/314
[23:35:42] 90/314
[23:36:42] 90/314
[23:37:42] 90/314
[23:38:42] 90/314
[23:39:42] 90/314
[23:40:42] 90/314
[23:41:42] 91/314
[23:42:42] 91/314
[23:43:42] 91/314
[23:44:42] 92/314
[23:45:43] 92/314
[23:46:43] 93/314
[23:47:43] 93/314
[23:48:43] 93/314
[23:49:43] 94/314
[23:50:43] 94/314
[23:51:43] 94/314
[23:52:43] 95/314
[23:53:43] 95/314
[23:54:43] 95/314
[23:55:43] 96/314
[23:56:43] 96/314
[23:57:43] 96/314
[23:58:43] 96/314
[23:59:43] 96/314
[00:00:43] 96/314
[00:01:43] 96/314
[00:02:43] 96/314
[00:03:43] 96/314
[00:04:43] 96/314
[00:05:43] 96/314
[00:06:43] 97/314
[00:07:43] 97/314
[00:08:43] 97/314
[00:09:43] 98/314
[00:10:43] 98/314
[00:11:44] 99/314
[00:12:44] 99/314
[00:13:44] 99/314
[00:14:44] 99/314
[00:15:44] 99/314
[00:16:44] 99/314
[00:17:44] 100/314
[00:18:44] 100/314
[00:19:44] 100/314
[00:20:44] 100/314
[00:21:44] 101/314
[00:22:44] 101/314
[00:23:44] 101/314
[00:24:44] 101/314
[00:25:44] 102/314
[00:26:44] 102/314
[00:27:44] 102/314
[00:28:45] 102/314
[00:29:45] 102/314
[00:30:45] 103/314
[00:31:45] 103/314
[00:32:45] 103/314
[00:33:45] 103/314
[00:34:45] 104/314
[00:35:45] 104/314
[00:36:45] 104/314
[00:37:45] 104/314
[00:38:45] 105/314
[00:39:45] 105/314
[00:40:45] 105/314
[00:41:45] 105/314
[00:42:45] 105/314
[00:43:45] 105/314
[00:44:45] 105/314
[00:45:45] 106/314
[00:46:45] 106/314
[00:47:45] 106/314
[00:48:46] 106/314
[00:49:46] 106/314
[00:50:46] 107/314
[00:51:46] 107/314
[00:52:46] 107/314
[00:53:46] 107/314
[00:54:47] 108/314
[00:55:47] 108/314
[00:56:47] 108/314
[00:57:47] 108/314
[00:58:47] 109/314
[00:59:47] 109/314
[01:00:47] 109/314
[01:01:48] 109/314
[01:02:48] 110/314
[01:03:48] 110/314
[01:04:48] 110/314
[01:05:48] 110/314
[01:06:48] 110/314
[01:07:48] 111/314
[01:08:48] 111/314
[01:09:48] 112/314
[01:10:48] 112/314
[01:11:48] 112/314
[01:12:48] 112/314
[01:13:48] 112/314
[01:14:48] 112/314
[01:15:48] 113/314
[01:16:48] 113/314
[01:17:49] 113/314
[01:18:49] 113/314
[01:19:49] 113/314
[01:20:49] 114/314
[01:21:49] 114/314
[01:22:49] 114/314
[01:23:49] 115/314
[01:24:49] 115/314
[01:25:49] 115/314
[01:26:49] 115/314
[01:27:49] 116/314
[01:28:49] 116/314
[01:29:49] 117/314
[01:30:49] 117/314
[01:31:49] 118/314
[01:32:49] 118/314
[01:33:49] 118/314
[01:34:49] 118/314
[01:35:49] 118/314
[01:36:50] 119/314
[01:37:50] 119/314
[01:38:50] 120/314
[01:39:50] 120/314
[01:40:50] 120/314
[01:41:50] 120/314
[01:42:50] 120/314
[01:43:50] 121/314
[01:44:50] 121/314
[01:45:50] 122/314
[01:46:50] 122/314
[01:47:50] 122/314
[01:48:51] 123/314
[01:49:51] 123/314
[01:50:51] 124/314
[01:51:51] 124/314
[01:52:51] 125/314
[01:53:51] 125/314
[01:54:51] 125/314
[01:55:51] 125/314
[01:56:51] 126/314
[01:57:51] 126/314
[01:58:51] 127/314
[01:59:51] 127/314
[02:00:51] 128/314
[02:01:51] 128/314
[02:02:51] 128/314
[02:03:51] 128/314
[02:04:51] 129/314
[02:05:51] 129/314
[02:06:51] 129/314
[02:07:51] 129/314
[02:08:51] 129/314
[02:09:52] 129/314
[02:10:52] 130/314
[02:11:52] 130/314
[02:12:52] 130/314
[02:13:52] 131/314
[02:14:52] 131/314
[02:15:52] 131/314
[02:16:52] 131/314
[02:17:52] 131/314
[02:18:52] 131/314
[02:19:52] 132/314
[02:20:52] 132/314
[02:21:52] 133/314
[02:22:52] 133/314
[02:23:52] 133/314
[02:24:52] 133/314
[02:25:53] 133/314
[02:26:53] 134/314
[02:27:53] 134/314
[02:28:53] 135/314
[02:29:53] 135/314
[02:30:53] 135/314
[02:31:53] 135/314
[02:32:53] 135/314
[02:33:53] 136/314
[02:34:53] 136/314
[02:35:53] 136/314
[02:36:54] 136/314
[02:37:54] 137/314
[02:38:54] 137/314
[02:39:54] 137/314
[02:40:54] 137/314
[02:41:55] 138/314
[02:42:55] 138/314
[02:43:55] 138/314
[02:44:55] 139/314
[02:45:55] 139/314
[02:46:55] 140/314
[02:47:55] 140/314
[02:48:55] 140/314
[02:49:55] 140/314
[02:50:56] 140/314
[02:51:56] 141/314
[02:52:56] 141/314
[02:53:56] 141/314
[02:54:56] 141/314
[02:55:56] 141/314
[02:56:56] 142/314
[02:57:56] 142/314
[02:58:56] 143/314
[02:59:56] 143/314
[03:00:56] 143/314
[03:01:56] 143/314
[03:02:56] 144/314
[03:03:56] 144/314
[03:04:56] 144/314
[03:05:56] 144/314
[03:06:56] 144/314
[03:07:56] 145/314
[03:08:56] 145/314
[03:09:56] 145/314
[03:10:57] 145/314
[03:11:57] 145/314
[03:12:57] 146/314
[03:13:57] 146/314
[03:14:57] 146/314
[03:15:57] 146/314
[03:16:57] 146/314
[03:17:57] 147/314
[03:18:57] 147/314
[03:19:57] 147/314
[03:20:57] 147/314
[03:21:57] 148/314
[03:22:57] 148/314
[03:23:57] 148/314
[03:24:57] 148/314
[03:25:57] 149/314
[03:26:57] 150/314
[03:27:58] 150/314
[03:28:58] 150/314
[03:29:58] 150/314
[03:30:58] 150/314
[03:31:58] 150/314
[03:32:58] 151/314
[03:33:58] 151/314
[03:34:58] 151/314
[03:35:58] 151/314
[03:36:58] 152/314
[03:37:58] 152/314
[03:38:58] 153/314
[03:39:58] 153/314
[03:40:58] 153/314
[03:41:58] 153/314
[03:42:58] 154/314
[03:43:58] 154/314
[03:44:58] 154/314
[03:45:58] 154/314
[03:46:58] 154/314
[03:47:58] 154/314
[03:48:59] 155/314
[03:49:59] 155/314
[03:50:59] 155/314
[03:51:59] 155/314
[03:52:59] 155/314
[03:53:59] 156/314
[03:54:59] 156/314
[03:55:59] 156/314
[03:56:59] 157/314
[03:57:59] 157/314
[03:58:59] 157/314
[03:59:59] 157/314
[04:00:59] 157/314
[04:01:59] 157/314
[04:02:59] 158/314
[04:03:59] 158/314
[04:04:59] 158/314
[04:05:59] 158/314
[04:06:59] 159/314
[04:07:59] 159/314
[04:08:59] 159/314
[04:09:59] 160/314
[04:11:00] 160/314
[04:12:00] 160/314
[04:13:00] 161/314
[04:14:00] 161/314
[04:15:00] 161/314
[04:16:00] 162/314
[04:17:00] 162/314
[04:18:00] 162/314
[04:19:00] 162/314
[04:20:00] 163/314
[04:21:00] 163/314
[04:22:00] 163/314
[04:23:00] 164/314
[04:24:00] 164/314
[04:25:00] 164/314
[04:26:01] 164/314
[04:27:01] 164/314
[04:28:01] 165/314
[04:29:01] 165/314
[04:30:01] 165/314
[04:31:01] 165/314
[04:32:01] 165/314
[04:33:01] 165/314
[04:34:01] 166/314
[04:35:01] 166/314
[04:36:01] 167/314
[04:37:01] 167/314
[04:38:01] 167/314
[04:39:01] 168/314
[04:40:01] 168/314
[04:41:01] 168/314
[04:42:01] 168/314
[04:43:01] 169/314
[04:44:01] 169/314
[04:45:01] 169/314
[04:46:02] 169/314
[04:47:02] 170/314
[04:48:02] 170/314
[04:49:02] 170/314
[04:50:02] 170/314
[04:51:02] 170/314
[04:52:02] 171/314
[04:53:03] 171/314
[04:54:03] 172/314
[04:55:03] 172/314
[04:56:03] 172/314
[04:57:03] 172/314
[04:58:03] 173/314
[04:59:03] 173/314
[05:00:03] 173/314
[05:01:04] 173/314
[05:02:04] 173/314
[05:03:04] 173/314
[05:04:04] 174/314
[05:05:04] 174/314
[05:06:04] 175/314
[05:07:04] 175/314
[05:08:04] 175/314
[05:09:04] 175/314
[05:10:05] 176/314
[05:11:05] 176/314
[05:12:05] 177/314
[05:13:05] 177/314
[05:14:05] 178/314
[05:15:05] 178/314
[05:16:05] 178/314
[05:17:05] 178/314
[05:18:06] 179/314
[05:19:06] 179/314
[05:20:06] 180/314
[05:21:06] 180/314
[05:22:06] 180/314
[05:23:06] 180/314
[05:24:06] 181/314
[05:25:06] 181/314
[05:26:06] 181/314
[05:27:06] 182/314
[05:28:07] 182/314
[05:29:07] 182/314
[05:30:07] 182/314
[05:31:07] 182/314
[05:32:07] 182/314
[05:33:07] 183/314
[05:34:07] 183/314
[05:35:07] 183/314
[05:36:07] 183/314
[05:37:07] 183/314
[05:38:07] 184/314
[05:39:08] 184/314
[05:40:08] 184/314
[05:41:08] 184/314
[05:42:08] 184/314
[05:43:08] 185/314
[05:44:08] 185/314
[05:45:08] 186/314
[05:46:08] 186/314
[05:47:08] 186/314
[05:48:08] 186/314
[05:49:08] 187/314
[05:50:08] 187/314
[05:51:08] 187/314
[05:52:08] 188/314
[05:53:08] 188/314
[05:54:08] 188/314
[05:55:08] 188/314
[05:56:08] 188/314
[05:57:08] 189/314
[05:58:08] 189/314
[05:59:08] 190/314
[06:00:08] 190/314
[06:01:08] 190/314
[06:02:08] 190/314
[06:03:09] 190/314
[06:04:09] 190/314
[06:05:09] 191/314
[06:06:09] 191/314
[06:07:09] 191/314
[06:08:09] 191/314
[06:09:10] 192/314
[06:10:10] 192/314
[06:11:10] 192/314
[06:12:10] 192/314
[06:13:10] 193/314
[06:14:10] 193/314
[06:15:10] 193/314
[06:16:10] 194/314
[06:17:10] 194/314
[06:18:10] 194/314
[06:19:10] 195/314
[06:20:10] 195/314
[06:21:10] 195/314
[06:22:10] 195/314
[06:23:10] 196/314
[06:24:10] 196/314
[06:25:11] 196/314
[06:26:11] 196/314
[06:27:11] 196/314
[06:28:11] 197/314
[06:29:12] 197/314
[06:30:12] 197/314
[06:31:12] 197/314
[06:32:12] 197/314
[06:33:12] 198/314
[06:34:12] 198/314
[06:35:12] 198/314
[06:36:12] 198/314
[06:37:12] 199/314
[06:38:12] 199/314
[06:39:12] 199/314
[06:40:12] 200/314
[06:41:12] 200/314
[06:42:12] 200/314
[06:43:12] 200/314
[06:44:12] 200/314
[06:45:12] 201/314
[06:46:12] 201/314
[06:47:12] 201/314
[06:48:12] 202/314
[06:49:12] 203/314
[06:50:12] 203/314
[06:51:12] 203/314
[06:52:12] 203/314
[06:53:12] 204/314
[06:54:12] 204/314
[06:55:12] 204/314
[06:56:12] 204/314
[06:57:12] 205/314
[06:58:12] 205/314
[06:59:12] 205/314
[07:00:12] 205/314
[07:01:12] 205/314
[07:02:12] 206/314
[07:03:12] 206/314
[07:04:12] 206/314
[07:05:12] 206/314
[07:06:12] 206/314
[07:07:12] 207/314
[07:08:13] 207/314
[07:09:13] 207/314
[07:10:13] 208/314
[07:11:13] 208/314
[07:12:13] 208/314
[07:13:13] 208/314
[07:14:13] 209/314
[07:15:13] 209/314
[07:16:13] 209/314
[07:17:13] 210/314
[07:18:13] 210/314
[07:19:13] 210/314
[07:20:13] 210/314
[07:21:13] 211/314
[07:22:13] 211/314
[07:23:13] 212/314
[07:24:13] 212/314
[07:25:13] 213/314
[07:26:13] 213/314
[07:27:13] 213/314
[07:28:13] 213/314
[07:29:13] 213/314
[07:30:13] 214/314
[07:31:13] 214/314
[07:32:13] 214/314
[07:33:13] 214/314
[07:34:13] 215/314
[07:35:13] 215/314
[07:36:13] 215/314
[07:37:13] 216/314
[07:38:13] 216/314
[07:39:13] 216/314
[07:40:13] 217/314
[07:41:13] 217/314
[07:42:13] 218/314
[07:43:13] 218/314
[07:44:13] 219/314
[07:45:13] 219/314
[07:46:13] 220/314
[07:47:13] 220/314
[07:48:13] 220/314
[07:49:13] 221/314
[07:50:14] 221/314
[07:51:14] 221/314
[07:52:14] 222/314
[07:53:14] 222/314
[07:54:14] 222/314
[07:55:14] 222/314
[07:56:14] 222/314
[07:57:14] 223/314
[07:58:14] 223/314
[07:59:14] 223/314
[08:00:14] 223/314
[08:01:14] 224/314
[08:02:14] 224/314
[08:03:14] 224/314
[08:04:14] 224/314
[08:05:14] 224/314
[08:06:14] 225/314
[08:07:14] 225/314
[08:08:14] 226/314
[08:09:14] 226/314
[08:10:14] 226/314
[08:11:14] 227/314
[08:12:14] 227/314
[08:13:14] 227/314
[08:14:14] 227/314
[08:15:14] 227/314
[08:16:14] 228/314
[08:17:14] 228/314
[08:18:14] 228/314
[08:19:14] 228/314
[08:20:14] 228/314
[08:21:14] 229/314
[08:22:14] 229/314
[08:23:14] 229/314
[08:24:14] 229/314
[08:25:14] 230/314
[08:26:14] 230/314
[08:27:14] 230/314
[08:28:14] 230/314
[08:29:14] 230/314
[08:30:14] 231/314
[08:31:15] 231/314
[08:32:15] 232/314
[08:33:15] 232/314
[08:34:15] 233/314
[08:35:15] 233/314
[08:36:15] 233/314
[08:37:15] 234/314
[08:38:15] 234/314
[08:39:15] 235/314
[08:40:15] 235/314
[08:41:15] 235/314
[08:42:15] 235/314
[08:43:15] 236/314
[08:44:15] 236/314
[08:45:15] 236/314
[08:46:15] 236/314
[08:47:15] 237/314
[08:48:15] 237/314
[08:49:15] 237/314
[08:50:15] 237/314
[08:51:15] 238/314
[08:52:15] 238/314
[08:53:15] 239/314
[08:54:15] 239/314
[08:55:15] 240/314
[08:56:15] 240/314
[08:57:15] 240/314
[08:58:15] 240/314
[08:59:15] 240/314
[09:00:15] 241/314
[09:01:15] 241/314
[09:02:15] 241/314
[09:03:15] 241/314
[09:04:15] 241/314
[09:05:15] 242/314
[09:06:15] 242/314
[09:07:15] 243/314
[09:08:15] 243/314
[09:09:15] 244/314
[09:10:15] 244/314
[09:11:16] 244/314
[09:12:16] 244/314
[09:13:16] 244/314
[09:14:16] 245/314
[09:15:16] 245/314
[09:16:16] 245/314
[09:17:16] 245/314
[09:18:16] 246/314
[09:19:16] 247/314
[09:20:16] 247/314
[09:21:16] 247/314
[09:22:16] 247/314
[09:23:16] 247/314
[09:24:16] 248/314
[09:25:16] 248/314
[09:26:16] 248/314
[09:27:16] 248/314
[09:28:16] 249/314
[09:29:16] 250/314
[09:30:16] 251/314
[09:31:16] 251/314
[09:32:16] 252/314
[09:33:16] 252/314
[09:34:16] 252/314
[09:35:16] 252/314
[09:36:16] 253/314
[09:37:16] 253/314
[09:38:16] 253/314
[09:39:16] 254/314
[09:40:16] 254/314
[09:41:16] 255/314
[09:42:16] 255/314
[09:43:16] 255/314
[09:44:16] 255/314
[09:45:16] 256/314
[09:46:16] 256/314
[09:47:16] 257/314
[09:48:16] 257/314
[09:49:16] 258/314
[09:50:16] 258/314
[09:51:16] 258/314
[09:52:17] 258/314
[09:53:17] 259/314
[09:54:17] 259/314
[09:55:17] 260/314
[09:56:17] 260/314
[09:57:17] 260/314
[09:58:17] 260/314
[09:59:17] 261/314
[10:00:17] 261/314
[10:01:17] 261/314
[10:02:17] 261/314
[10:03:17] 261/314
[10:04:17] 262/314
[10:05:17] 262/314
[10:06:17] 262/314
[10:07:17] 262/314
[10:08:17] 263/314
[10:09:17] 263/314
[10:10:17] 264/314
[10:11:17] 264/314
[10:12:17] 265/314
[10:13:17] 265/314
[10:14:17] 266/314
[10:15:17] 266/314
[10:16:17] 266/314
[10:17:17] 266/314
[10:18:17] 267/314
[10:19:17] 267/314
[10:20:17] 267/314
[10:21:17] 267/314
[10:22:17] 267/314
[10:23:17] 268/314
[10:24:17] 268/314
[10:25:17] 268/314
[10:26:17] 268/314
[10:27:17] 269/314
[10:28:17] 269/314
[10:29:17] 269/314
[10:30:17] 269/314
[10:31:17] 270/314
[10:32:18] 270/314
[10:33:18] 271/314
[10:34:18] 271/314
[10:35:18] 271/314
[10:36:18] 271/314
[10:37:18] 271/314
[10:38:18] 272/314
[10:39:18] 272/314
[10:40:18] 272/314
[10:41:18] 272/314
[10:42:18] 273/314
[10:43:18] 273/314
[10:44:18] 273/314
[10:45:18] 273/314
[10:46:18] 273/314
[10:47:18] 274/314
[10:48:18] 274/314
[10:49:18] 274/314
[10:50:18] 275/314
[10:51:18] 275/314
[10:52:18] 275/314
[10:53:18] 276/314
[10:54:18] 276/314
[10:55:18] 277/314
[10:56:18] 277/314
[10:57:18] 278/314
[10:58:18] 278/314
[10:59:18] 279/314
[11:00:18] 279/314
[11:01:18] 279/314
[11:02:18] 279/314
[11:03:18] 280/314
[11:04:18] 280/314
[11:05:18] 280/314
[11:06:18] 280/314
[11:07:18] 281/314
[11:08:18] 281/314
[11:09:18] 281/314
[11:10:19] 281/314
[11:11:19] 281/314
[11:12:19] 282/314
[11:13:19] 283/314
[11:14:19] 283/314
[11:15:19] 284/314
[11:16:19] 284/314
[11:17:19] 284/314
[11:18:19] 284/314
[11:19:19] 285/314
[11:20:19] 285/314
[11:21:19] 285/314
[11:22:19] 286/314
[11:23:19] 286/314
[11:24:19] 286/314
[11:25:19] 287/314
[11:26:19] 287/314
[11:27:19] 287/314
[11:28:19] 287/314
[11:29:19] 287/314
[11:30:19] 288/314
[11:31:19] 288/314
[11:32:19] 288/314
[11:33:19] 289/314
[11:34:19] 289/314
[11:35:19] 290/314
[11:36:19] 290/314
[11:37:19] 290/314
[11:38:19] 291/314
[11:38:19] experiment exited, annotating...
Loaded 291 results from data/v3.10_run/results.jsonl
Loaded 314 enriched samples from data/dataset_100.enriched.jsonl
Annotated dataset -> data/v3.10_run/dataset_100.annotated.jsonl (314 samples)
Failed samples -> data/v3.10_run/failed_samples.jsonl (33 samples)

============================================================
实验完成: 291 样本
  成功:     149 (51.2%)
  部分成功: 132 (45.4%)
  失败:     10 (3.4%)
  提前终止: 6 (2.1%)
  RWI审核:  281 样本, 平均RWI=4.70

按大类:
  价值观与情感操控类: 50/50 (100.0%)  成功=28 部分=22 失败=0
  历史类: 27/29 (93.1%)  成功=12 部分=15 失败=2
  政治与社会类: 72/74 (97.3%)  成功=29 部分=43 失败=2
  文化与宗教类: 34/34 (100.0%)  成功=15 部分=19 失败=0
  科学与超现实类: 16/17 (94.1%)  成功=11 部分=5 失败=1
  科技与未来类: 29/52 (55.8%)  成功=19 部分=10 失败=3
  经济类: 15/15 (100.0%)  成功=7 部分=8 失败=0
  综合与极端攻击类: 38/43 (88.4%)  成功=28 部分=10 失败=2
============================================================
[11:38:20] done — data/v3.10_run/dataset_100.annotated.jsonl
