[v3.7 watchdog] monitoring data/v3.7_run/results.jsonl, target=314
[16:06:06] 0/314
[16:07:06] 0/314
[16:08:06] 1/314
[16:09:06] 1/314
[16:10:06] 2/314
[16:11:06] 2/314
[16:12:06] 2/314
[16:13:06] 3/314
[16:14:06] 3/314
[16:15:06] 3/314
[16:16:06] 4/314
[16:17:06] 4/314
[16:18:06] 5/314
[16:19:06] 6/314
[16:20:06] 6/314
[16:21:06] 7/314
[16:22:06] 7/314
[16:23:06] 8/314
[16:24:07] 9/314
[16:25:07] 9/314
[16:26:07] 10/314
[16:27:07] 10/314
[16:28:07] 11/314
[16:29:07] 11/314
[16:30:07] 12/314
[16:31:07] 12/314
[16:32:07] 13/314
[16:33:07] 13/314
[16:34:07] 14/314
[16:35:07] 14/314
[16:36:07] 14/314
[16:37:07] 15/314
[16:38:07] 15/314
[16:39:07] 16/314
[16:40:07] 16/314
[16:41:07] 16/314
[16:42:07] 17/314
[16:43:07] 17/314
[16:44:07] 18/314
[16:45:07] 18/314
[16:46:07] 19/314
[16:47:07] 20/314
[16:48:07] 20/314
[16:49:07] 20/314
[16:50:07] 21/314
[16:51:07] 21/314
[16:52:07] 21/314
[16:53:07] 21/314
[16:54:07] 22/314
[16:55:07] 22/314
[16:56:07] 23/314
[16:57:07] 23/314
[16:58:07] 23/314
[16:59:07] 24/314
[17:00:07] 24/314
[17:01:07] 25/314
[17:02:07] 25/314
[17:03:07] 25/314
[17:04:07] 26/314
[17:05:07] 26/314
[17:06:07] 26/314
[17:07:07] 27/314
[17:08:07] 27/314
[17:09:07] 28/314
[17:10:07] 28/314
[17:11:07] 29/314
[17:12:07] 29/314
[17:13:07] 29/314
[17:14:08] 29/314
[17:15:08] 30/314
[17:16:08] 30/314
[17:17:08] 30/314
[17:18:08] 31/314
[17:19:08] 31/314
[17:20:08] 31/314
[17:21:08] 32/314
[17:22:08] 32/314
[17:23:08] 33/314
[17:24:08] 33/314
[17:25:08] 33/314
[17:26:08] 33/314
[17:27:08] 33/314
[17:28:08] 34/314
[17:29:09] 34/314
[17:30:09] 34/314
[17:31:09] 35/314
[17:32:09] 35/314
[17:33:09] 35/314
[17:34:09] 35/314
[17:35:09] 36/314
[17:36:09] 36/314
[17:37:09] 36/314
[17:38:09] 37/314
[17:39:09] 37/314
[17:40:09] 38/314
[17:41:10] 38/314
[17:42:10] 38/314
[17:43:10] 39/314
[17:44:10] 39/314
[17:45:10] 39/314
[17:46:10] 40/314
[17:47:10] 40/314
[17:48:10] 41/314
[17:49:10] 41/314
[17:50:10] 42/314
[17:51:10] 42/314
[17:52:10] 43/314
[17:53:11] 43/314
[17:54:11] 44/314
[17:55:11] 44/314
[17:56:11] 44/314
[17:57:11] 44/314
[17:58:11] 45/314
[17:59:11] 45/314
[18:00:11] 46/314
[18:01:11] 46/314
[18:02:11] 46/314
[18:03:11] 47/314
[18:04:11] 47/314
[18:05:11] 47/314
[18:06:12] 48/314
[18:07:12] 48/314
[18:08:12] 48/314
[18:09:12] 49/314
[18:10:12] 49/314
[18:11:12] 49/314
[18:12:12] 50/314
[18:13:12] 50/314
[18:14:12] 51/314
[18:15:12] 51/314
[18:16:12] 51/314
[18:17:12] 52/314
[18:18:12] 52/314
[18:19:12] 53/314
[18:20:13] 53/314
[18:21:13] 53/314
[18:22:13] 54/314
[18:23:13] 54/314
[18:24:13] 54/314
[18:25:13] 54/314
[18:26:13] 54/314
[18:27:13] 54/314
[18:28:13] 55/314
[18:29:13] 55/314
[18:30:13] 55/314
[18:31:13] 56/314
[18:32:13] 56/314
[18:33:13] 57/314
[18:34:13] 57/314
[18:35:13] 57/314
[18:36:13] 57/314
[18:37:13] 57/314
[18:38:13] 58/314
[18:39:14] 58/314
[18:40:14] 59/314
[18:41:14] 59/314
[18:42:14] 59/314
[18:43:14] 60/314
[18:44:14] 61/314
[18:45:14] 61/314
[18:46:14] 61/314
[18:47:14] 61/314
[18:48:14] 62/314
[18:49:14] 62/314
[18:50:14] 63/314
[18:51:14] 63/314
[18:52:14] 64/314
[18:53:15] 64/314
[18:54:15] 65/314
[18:55:15] 65/314
[18:56:15] 65/314
[18:57:15] 65/314
[18:58:15] 65/314
[18:59:15] 66/314
[19:00:15] 66/314
[19:01:16] 66/314
[19:02:16] 66/314
[19:03:16] 67/314
[19:04:16] 67/314
[19:05:16] 68/314
[19:06:16] 68/314
[19:07:16] 69/314
[19:08:16] 69/314
[19:09:16] 70/314
[19:10:16] 70/314
[19:11:16] 70/314
[19:12:16] 71/314
[19:13:16] 71/314
[19:14:16] 72/314
[19:15:16] 72/314
[19:16:16] 73/314
[19:17:17] 73/314
[19:18:17] 73/314
[19:19:17] 74/314
[19:20:17] 74/314
[19:21:17] 74/314
[19:22:17] 75/314
[19:23:17] 75/314
[19:24:17] 76/314
[19:25:17] 76/314
[19:26:17] 76/314
[19:27:17] 77/314
[19:28:17] 77/314
[19:29:17] 77/314
[19:30:17] 78/314
[19:31:17] 78/314
[19:32:17] 79/314
[19:33:17] 79/314
[19:34:17] 79/314
[19:35:17] 80/314
[19:36:17] 80/314
[19:37:17] 81/314
[19:38:18] 81/314
[19:39:18] 81/314
[19:40:18] 82/314
[19:41:18] 82/314
[19:42:18] 82/314
[19:43:18] 82/314
[19:44:18] 83/314
[19:45:18] 83/314
[19:46:18] 83/314
[19:47:18] 84/314
[19:48:18] 84/314
[19:49:18] 84/314
[19:50:19] 84/314
[19:51:19] 85/314
[19:52:19] 85/314
[19:53:19] 86/314
[19:54:19] 86/314
[19:55:19] 86/314
[19:56:19] 87/314
[19:57:19] 87/314
[19:58:19] 88/314
[19:59:19] 88/314
[20:00:19] 89/314
[20:01:19] 89/314
[20:02:19] 90/314
[20:03:20] 90/314
[20:04:20] 91/314
[20:05:20] 91/314
[20:06:20] 91/314
[20:07:20] 92/314
[20:08:20] 92/314
[20:09:20] 93/314
[20:10:20] 93/314
[20:11:20] 94/314
[20:12:20] 94/314
[20:13:20] 95/314
[20:14:20] 95/314
[20:15:20] 95/314
[20:16:20] 96/314
[20:17:20] 96/314
[20:18:20] 97/314
[20:19:20] 97/314
[20:20:20] 97/314
[20:21:20] 98/314
[20:22:20] 98/314
[20:23:20] 99/314
[20:24:21] 99/314
[20:25:21] 100/314
[20:26:21] 100/314
[20:27:21] 100/314
[20:28:21] 100/314
[20:29:21] 101/314
[20:30:21] 101/314
[20:31:21] 102/314
[20:32:21] 102/314
[20:33:21] 103/314
[20:34:21] 103/314
[20:35:21] 103/314
[20:36:21] 103/314
[20:37:21] 104/314
[20:38:22] 104/314
[20:39:22] 104/314
[20:40:22] 104/314
[20:41:22] 105/314
[20:42:22] 105/314
[20:43:22] 106/314
[20:44:22] 106/314
[20:45:22] 107/314
[20:46:22] 107/314
[20:47:22] 107/314
[20:48:22] 108/314
[20:49:22] 108/314
[20:50:22] 109/314
[20:51:22] 109/314
[20:52:22] 109/314
[20:53:22] 110/314
[20:54:22] 110/314
[20:55:22] 110/314
[20:56:22] 110/314
[20:57:22] 111/314
[20:58:23] 111/314
[20:59:23] 111/314
[21:00:23] 112/314
[21:01:23] 112/314
[21:02:23] 112/314
[21:03:23] 112/314
[21:04:23] 113/314
[21:05:23] 113/314
[21:06:23] 114/314
[21:07:23] 114/314
[21:08:23] 114/314
[21:09:23] 115/314
[21:10:23] 115/314
[21:11:23] 115/314
[21:12:23] 116/314
[21:13:23] 116/314
[21:14:23] 116/314
[21:15:23] 117/314
[21:16:23] 117/314
[21:17:23] 117/314
[21:18:23] 117/314
[21:19:23] 117/314
[21:20:23] 118/314
[21:21:23] 118/314
[21:22:23] 119/314
[21:23:24] 119/314
[21:24:24] 119/314
[21:25:24] 120/314
[21:26:24] 120/314
[21:27:24] 120/314
[21:28:24] 120/314
[21:29:24] 120/314
[21:30:24] 121/314
[21:31:24] 121/314
[21:32:24] 121/314
[21:33:24] 122/314
[21:34:24] 122/314
[21:35:24] 123/314
[21:36:24] 123/314
[21:37:24] 124/314
[21:38:24] 124/314
[21:39:24] 124/314
[21:40:24] 125/314
[21:41:24] 125/314
[21:42:24] 126/314
[21:43:25] 126/314
[21:44:25] 126/314
[21:45:25] 127/314
[21:46:25] 127/314
[21:47:25] 127/314
[21:48:25] 128/314
[21:49:25] 128/314
[21:50:25] 129/314
[21:51:25] 129/314
[21:52:25] 129/314
[21:53:25] 129/314
[21:54:25] 130/314
[21:55:25] 130/314
[21:56:25] 131/314
[21:57:26] 131/314
[21:58:26] 132/314
[21:59:26] 132/314
[22:00:26] 132/314
[22:01:26] 132/314
[22:02:26] 133/314
[22:03:26] 133/314
[22:04:26] 134/314
[22:05:27] 134/314
[22:06:27] 134/314
[22:07:27] 135/314
[22:08:27] 135/314
[22:09:27] 136/314
[22:10:27] 136/314
[22:11:27] 136/314
[22:12:27] 137/314
[22:13:27] 137/314
[22:14:28] 137/314
[22:15:28] 138/314
[22:16:28] 138/314
[22:17:28] 139/314
[22:18:28] 139/314
[22:19:28] 140/314
[22:20:28] 140/314
[22:21:28] 141/314
[22:22:28] 141/314
[22:23:28] 141/314
[22:24:28] 142/314
[22:25:28] 142/314
[22:26:28] 142/314
[22:27:28] 143/314
[22:28:28] 143/314
[22:29:28] 143/314
[22:30:28] 144/314
[22:31:28] 144/314
[22:32:28] 144/314
[22:33:28] 145/314
[22:34:28] 145/314
[22:35:28] 145/314
[22:36:28] 146/314
[22:37:28] 146/314
[22:38:28] 147/314
[22:39:29] 147/314
[22:40:29] 147/314
[22:41:29] 148/314
[22:42:29] 148/314
[22:43:29] 148/314
[22:44:29] 148/314
[22:45:29] 149/314
[22:46:29] 149/314
[22:47:29] 150/314
[22:48:29] 150/314
[22:49:29] 150/314
[22:50:29] 150/314
[22:51:29] 150/314
[22:52:30] 150/314
[22:53:30] 151/314
[22:54:30] 151/314
[22:55:30] 151/314
[22:56:30] 151/314
[22:57:31] 152/314
[22:58:31] 152/314
[22:59:31] 152/314
[23:00:31] 153/314
[23:01:31] 153/314
[23:02:31] 153/314
[23:03:31] 153/314
[23:04:31] 153/314
[23:05:31] 154/314
[23:06:31] 154/314
[23:07:31] 154/314
[23:08:31] 155/314
[23:09:31] 155/314
[23:10:32] 155/314
[23:11:32] 156/314
[23:12:32] 156/314
[23:13:32] 156/314
[23:14:32] 157/314
[23:15:32] 157/314
[23:16:32] 158/314
[23:17:32] 158/314
[23:18:32] 158/314
[23:19:32] 158/314
[23:20:33] 158/314
[23:21:33] 159/314
[23:22:33] 159/314
[23:23:33] 159/314
[23:24:33] 159/314
[23:25:34] 160/314
[23:26:34] 160/314
[23:27:34] 160/314
[23:28:34] 160/314
[23:29:34] 160/314
[23:30:34] 160/314
[23:31:34] 160/314
[23:32:34] 161/314
[23:33:34] 161/314
[23:34:34] 161/314
[23:35:34] 162/314
[23:36:34] 162/314
[23:37:34] 163/314
[23:38:34] 163/314
[23:39:34] 164/314
[23:40:34] 164/314
[23:41:34] 164/314
[23:42:34] 164/314
[23:43:34] 165/314
[23:44:34] 165/314
[23:45:34] 165/314
[23:46:34] 166/314
[23:47:34] 166/314
[23:48:34] 166/314
[23:49:35] 166/314
[23:50:35] 167/314
[23:51:35] 167/314
[23:52:35] 167/314
[23:53:35] 167/314
[23:54:35] 168/314
[23:55:35] 168/314
[23:56:35] 168/314
[23:57:35] 169/314
[23:58:35] 169/314
[23:59:35] 170/314
[00:00:36] 170/314
[00:01:36] 170/314
[00:02:36] 170/314
[00:03:36] 170/314
[00:04:36] 170/314
[00:05:36] 170/314
[00:06:36] 170/314
[00:07:36] 170/314
[00:08:36] 171/314
[00:09:37] 171/314
[00:10:37] 172/314
[00:11:37] 172/314
[00:12:37] 172/314
[00:13:37] 173/314
[00:14:37] 173/314
[00:15:37] 174/314
[00:16:37] 174/314
[00:17:37] 174/314
[00:18:37] 175/314
[00:19:37] 175/314
[00:20:37] 175/314
[00:21:37] 176/314
[00:22:37] 176/314
[00:23:37] 176/314
[00:24:37] 177/314
[00:25:37] 177/314
[00:26:37] 178/314
[00:27:37] 178/314
[00:28:37] 178/314
[00:29:38] 178/314
[00:30:38] 179/314
[00:31:38] 179/314
[00:32:38] 179/314
[00:33:38] 180/314
[00:34:38] 180/314
[00:35:38] 180/314
[00:36:39] 181/314
[00:37:39] 181/314
[00:38:39] 182/314
[00:39:39] 182/314
[00:40:39] 183/314
[00:41:39] 183/314
[00:42:39] 183/314
[00:43:39] 184/314
[00:44:39] 184/314
[00:45:39] 184/314
[00:46:39] 185/314
[00:47:39] 185/314
[00:48:40] 186/314
[00:49:40] 186/314
[00:50:40] 187/314
[00:51:40] 187/314
[00:52:40] 187/314
[00:53:40] 188/314
[00:54:40] 188/314
[00:55:40] 189/314
[00:56:40] 189/314
[00:57:40] 189/314
[00:58:40] 190/314
[00:59:40] 190/314
[01:00:40] 190/314
[01:01:40] 191/314
[01:02:40] 191/314
[01:03:40] 192/314
[01:04:40] 192/314
[01:05:40] 193/314
[01:06:40] 193/314
[01:07:41] 194/314
[01:08:41] 194/314
[01:09:41] 194/314
[01:10:41] 195/314
[01:11:41] 195/314
[01:12:41] 195/314
[01:13:41] 196/314
[01:14:41] 196/314
[01:15:42] 196/314
[01:16:42] 197/314
[01:17:42] 197/314
[01:18:42] 197/314
[01:19:42] 198/314
[01:20:42] 198/314
[01:21:42] 198/314
[01:22:42] 198/314
[01:23:42] 199/314
[01:24:42] 199/314
[01:25:42] 199/314
[01:26:42] 200/314
[01:27:42] 200/314
[01:28:42] 201/314
[01:29:42] 201/314
[01:30:42] 201/314
[01:31:42] 202/314
[01:32:42] 202/314
[01:33:42] 203/314
[01:34:42] 203/314
[01:35:42] 204/314
[01:36:42] 204/314
[01:37:42] 205/314
[01:38:42] 205/314
[01:39:42] 206/314
[01:40:42] 206/314
[01:41:42] 206/314
[01:42:42] 207/314
[01:43:43] 207/314
[01:44:43] 207/314
[01:45:43] 207/314
[01:46:43] 208/314
[01:47:43] 208/314
[01:48:43] 208/314
[01:49:43] 208/314
[01:50:43] 209/314
[01:51:43] 209/314
[01:52:43] 209/314
[01:53:43] 210/314
[01:54:43] 210/314
[01:55:43] 210/314
[01:56:43] 211/314
[01:57:44] 211/314
[01:58:44] 212/314
[01:59:44] 212/314
[02:00:44] 212/314
[02:01:44] 213/314
[02:02:44] 213/314
[02:03:44] 213/314
[02:04:44] 213/314
[02:05:44] 214/314
[02:06:44] 214/314
[02:07:44] 214/314
[02:08:44] 215/314
[02:09:45] 215/314
[02:10:45] 216/314
[02:11:45] 216/314
[02:12:45] 217/314
[02:13:45] 217/314
[02:14:45] 217/314
[02:15:45] 217/314
[02:16:45] 218/314
[02:17:45] 218/314
[02:18:45] 219/314
[02:19:45] 219/314
[02:20:45] 219/314
[02:21:46] 220/314
[02:22:46] 220/314
[02:23:46] 220/314
[02:24:46] 221/314
[02:25:46] 221/314
[02:26:46] 222/314
[02:27:46] 222/314
[02:28:46] 222/314
[02:29:46] 223/314
[02:30:46] 223/314
[02:31:46] 224/314
[02:32:46] 224/314
[02:33:46] 224/314
[02:34:46] 225/314
[02:35:46] 225/314
[02:36:46] 225/314
[02:37:46] 226/314
[02:38:46] 226/314
[02:39:46] 226/314
[02:40:46] 227/314
[02:41:46] 227/314
[02:42:46] 227/314
[02:43:46] 228/314
[02:44:46] 228/314
[02:45:46] 228/314
[02:46:47] 229/314
[02:47:47] 229/314
[02:48:47] 230/314
[02:49:47] 230/314
[02:50:47] 230/314
[02:51:47] 231/314
[02:52:47] 231/314
[02:53:47] 231/314
[02:54:47] 232/314
[02:55:47] 232/314
[02:56:47] 233/314
[02:57:47] 233/314
[02:58:48] 234/314
[02:59:48] 234/314
[03:00:48] 234/314
[03:01:48] 235/314
[03:02:48] 235/314
[03:03:48] 236/314
[03:04:48] 236/314
[03:05:48] 237/314
[03:06:48] 237/314
[03:07:48] 237/314
[03:08:48] 237/314
[03:09:48] 238/314
[03:10:48] 238/314
[03:11:48] 239/314
[03:12:48] 239/314
[03:13:48] 239/314
[03:14:49] 240/314
[03:15:49] 240/314
[03:16:49] 241/314
[03:17:49] 241/314
[03:18:49] 242/314
[03:19:49] 242/314
[03:20:49] 242/314
[03:21:49] 243/314
[03:22:49] 243/314
[03:23:49] 243/314
[03:24:49] 243/314
[03:25:49] 244/314
[03:26:49] 244/314
[03:27:49] 245/314
[03:28:49] 245/314
[03:29:50] 245/314
[03:30:50] 245/314
[03:31:50] 246/314
[03:32:50] 246/314
[03:33:50] 246/314
[03:34:50] 246/314
[03:35:50] 247/314
[03:36:50] 247/314
[03:37:50] 247/314
[03:38:50] 247/314
[03:39:50] 248/314
[03:40:50] 248/314
[03:41:50] 248/314
[03:42:50] 249/314
[03:43:50] 249/314
[03:44:50] 249/314
[03:45:50] 250/314
[03:46:50] 250/314
[03:47:50] 251/314
[03:48:50] 251/314
[03:49:50] 251/314
[03:50:50] 251/314
[03:51:51] 252/314
[03:52:51] 252/314
[03:53:51] 252/314
[03:54:51] 253/314
[03:55:51] 253/314
[03:56:51] 253/314
[03:57:51] 253/314
[03:58:51] 253/314
[03:59:51] 254/314
[04:00:51] 254/314
[04:01:51] 254/314
[04:02:51] 255/314
[04:03:51] 255/314
[04:04:51] 255/314
[04:05:51] 255/314
[04:06:51] 255/314
[04:07:51] 255/314
[04:08:51] 255/314
[04:09:51] 256/314
[04:10:52] 256/314
[04:11:52] 256/314
[04:12:52] 257/314
[04:13:52] 257/314
[04:14:52] 257/314
[04:15:52] 258/314
[04:16:52] 258/314
[04:17:52] 259/314
[04:18:52] 259/314
[04:19:53] 260/314
[04:20:53] 260/314
[04:21:53] 260/314
[04:22:53] 261/314
[04:23:53] 261/314
[04:24:53] 262/314
[04:25:53] 262/314
[04:26:53] 263/314
[04:27:53] 263/314
[04:28:53] 264/314
[04:29:53] 264/314
[04:30:53] 264/314
[04:31:54] 265/314
[04:32:54] 265/314
[04:33:54] 265/314
[04:34:54] 266/314
[04:35:54] 266/314
[04:36:54] 267/314
[04:37:54] 267/314
[04:38:54] 268/314
[04:39:54] 268/314
[04:40:54] 268/314
[04:41:54] 268/314
[04:42:54] 269/314
[04:43:54] 269/314
[04:44:54] 269/314
[04:45:54] 269/314
[04:46:54] 270/314
[04:47:54] 270/314
[04:48:54] 271/314
[04:49:54] 271/314
[04:50:54] 272/314
[04:51:54] 272/314
[04:52:54] 272/314
[04:53:54] 272/314
[04:54:54] 273/314
[04:55:55] 273/314
[04:56:55] 273/314
[04:57:55] 274/314
[04:58:55] 274/314
[04:59:55] 274/314
[05:00:55] 275/314
[05:01:55] 275/314
[05:02:55] 276/314
[05:03:55] 276/314
[05:04:55] 276/314
[05:05:55] 277/314
[05:06:55] 277/314
[05:07:55] 277/314
[05:08:56] 277/314
[05:09:56] 278/314
[05:10:56] 278/314
[05:11:56] 278/314
[05:12:56] 279/314
[05:13:56] 279/314
[05:14:56] 280/314
[05:15:56] 280/314
[05:16:56] 281/314
[05:17:56] 281/314
[05:18:56] 281/314
[05:19:56] 282/314
[05:20:56] 282/314
[05:21:56] 283/314
[05:22:56] 283/314
[05:23:56] 283/314
[05:24:56] 283/314
[05:25:56] 283/314
[05:26:56] 283/314
[05:27:56] 284/314
[05:28:56] 284/314
[05:29:57] 284/314
[05:30:57] 285/314
[05:31:57] 285/314
[05:32:57] 286/314
[05:33:57] 286/314
[05:34:57] 286/314
[05:35:57] 287/314
[05:36:57] 287/314
[05:37:57] 288/314
[05:38:57] 288/314
[05:39:57] 288/314
[05:40:57] 288/314
[05:41:58] 289/314
[05:42:58] 289/314
[05:43:58] 290/314
[05:44:58] 290/314
[05:45:58] 291/314
[05:46:58] 291/314
[05:47:58] 291/314
[05:48:58] 292/314
[05:49:58] 292/314
[05:50:58] 292/314
[05:51:58] 293/314
[05:52:58] 293/314
[05:53:58] 293/314
[05:54:58] 294/314
[05:55:58] 294/314
[05:56:58] 294/314
[05:57:58] 295/314
[05:58:58] 295/314
[05:59:58] 296/314
[06:00:58] 296/314
[06:01:59] 297/314
[06:02:59] 297/314
[06:03:59] 297/314
[06:04:59] 298/314
[06:05:59] 298/314
[06:06:59] 299/314
[06:07:59] 299/314
[06:08:59] 299/314
[06:10:00] 300/314
[06:11:00] 300/314
[06:12:00] 301/314
[06:13:00] 301/314
[06:14:00] 302/314
[06:15:00] 302/314
[06:16:00] 303/314
[06:16:00] experiment exited, annotating...
Loaded 303 results from data/v3.7_run/results.jsonl
Loaded 314 enriched samples from data/dataset_100.enriched.jsonl
Annotated dataset -> data/v3.7_run/dataset_100.annotated.jsonl (314 samples)
Failed samples -> data/v3.7_run/failed_samples.jsonl (28 samples)

============================================================
实验完成: 303 样本
  成功:     87 (28.7%)
  部分成功: 199 (65.7%)
  失败:     17 (5.6%)
  提前终止: 2 (0.7%)
  RWI审核:  286 样本, 平均RWI=4.78

按大类:
  价值观与情感操控类: 44/50 (88.0%)  成功=10 部分=34 失败=4
  历史类: 27/29 (93.1%)  成功=6 部分=21 失败=1
  政治与社会类: 67/74 (90.5%)  成功=21 部分=46 失败=5
  文化与宗教类: 32/34 (94.1%)  成功=6 部分=26 失败=1
  科学与超现实类: 17/17 (100.0%)  成功=8 部分=9 失败=0
  科技与未来类: 49/52 (94.2%)  成功=25 部分=24 失败=1
  经济类: 14/15 (93.3%)  成功=5 部分=9 失败=1
  综合与极端攻击类: 36/43 (83.7%)  成功=6 部分=30 失败=4
============================================================
[06:16:00] done — data/v3.7_run/dataset_100.annotated.jsonl
